

================================================================
== Vitis HLS Report for 'clusterOp_Pipeline_clusterOp_label1105'
================================================================
* Date:           Thu Apr 27 03:44:05 2023

* Version:        2022.2 (Build 3670227 on Oct 13 2022)
* Project:        cluster
* Solution:       solution1 (Vivado IP Flow Target)
* Product family: zynq
* Target device:  xc7z020-clg400-1


================================================================
== Performance Estimates
================================================================
+ Timing: 
    * Summary: 
    +--------+----------+----------+------------+
    |  Clock |  Target  | Estimated| Uncertainty|
    +--------+----------+----------+------------+
    |ap_clk  |  10.00 ns|  7.289 ns|     2.70 ns|
    +--------+----------+----------+------------+

+ Latency: 
    * Summary: 
    +---------+---------+----------+----------+-----+-----+---------+
    |  Latency (cycles) |  Latency (absolute) |  Interval | Pipeline|
    |   min   |   max   |    min   |    max   | min | max |   Type  |
    +---------+---------+----------+----------+-----+-----+---------+
    |        ?|        ?|         ?|         ?|    ?|    ?|       no|
    +---------+---------+----------+----------+-----+-----+---------+

    + Detail: 
        * Instance: 
        +-------------------------------+--------------------+---------+---------+-----------+-----------+-----+-----+---------+
        |                               |                    |  Latency (cycles) |   Latency (absolute)  |  Interval | Pipeline|
        |            Instance           |       Module       |   min   |   max   |    min    |    max    | min | max |   Type  |
        +-------------------------------+--------------------+---------+---------+-----------+-----------+-----+-----+---------+
        |grp_pow_fu_161                 |pow                 |        ?|        ?|          ?|          ?|    ?|    ?|       no|
        |grp_pow_fu_190                 |pow                 |        ?|        ?|          ?|          ?|    ?|    ?|       no|
        |grp_sqrt_fixed_32_32_s_fu_219  |sqrt_fixed_32_32_s  |        7|        7|  70.000 ns|  70.000 ns|    1|    1|      yes|
        +-------------------------------+--------------------+---------+---------+-----------+-----------+-----+-----+---------+

        * Loop: 
        +--------------------+---------+---------+----------+-----------+-----------+------+----------+
        |                    |  Latency (cycles) | Iteration|  Initiation Interval  | Trip |          |
        |      Loop Name     |   min   |   max   |  Latency |  achieved |   target  | Count| Pipelined|
        +--------------------+---------+---------+----------+-----------+-----------+------+----------+
        |- clusterOp_label1  |        ?|        ?|         ?|          -|          -|   360|        no|
        +--------------------+---------+---------+----------+-----------+-----------+------+----------+

============================================================
+ Verbose Summary: Synthesis Manager
============================================================
InlineROM: 1
ExposeGlobal: 0
============================================================
+ Verbose Summary: CDFG Model
============================================================
IsTopModel: 0
ResetActiveHigh: 1
IsCombinational: 0
IsDatapathOnly: 0
HasWiredReturn: 1
HasMFsm: 0
HasVarLatency: 1
IsPipeline: 0
IsRtlPipelined: 0
IsInstanceOverlapped: 0
IsDontTouch: 0
HasImplIP: 0
IsGatedGlobalClock: 0


============================================================
+ Verbose Summary: Schedule
============================================================
* Number of FSM states : 25
* Pipeline : 0
* Dataflow Pipeline: 0

* FSM state transitions: 
1 --> 2 
2 --> 3 
3 --> 4 25 
4 --> 5 
5 --> 6 
6 --> 7 
7 --> 8 
8 --> 9 
9 --> 10 
10 --> 11 
11 --> 12 
12 --> 13 
13 --> 14 
14 --> 15 
15 --> 16 
16 --> 17 
17 --> 18 
18 --> 19 
19 --> 20 
20 --> 21 
21 --> 22 
22 --> 23 
23 --> 24 
24 --> 25 
25 --> 2 

* FSM state operations: 

State 1 <SV = 0> <Delay = 1.58>
ST_1 : Operation 26 [1/1] (0.00ns)   --->   "%candidate = alloca i32 1"   --->   Operation 26 'alloca' 'candidate' <Predicate = true> <Delay = 0.00>
ST_1 : Operation 27 [1/1] (0.00ns)   --->   "%empty = alloca i32 1"   --->   Operation 27 'alloca' 'empty' <Predicate = true> <Delay = 0.00>
ST_1 : Operation 28 [1/1] (0.00ns)   --->   "%mul_ln37_101_read = read i16 @_ssdm_op_Read.ap_auto.i16, i16 %mul_ln37_101"   --->   Operation 28 'read' 'mul_ln37_101_read' <Predicate = true> <Delay = 0.00>
ST_1 : Operation 29 [1/1] (0.00ns)   --->   "%distances_load_206_read = read i32 @_ssdm_op_Read.ap_auto.i32, i32 %distances_load_206"   --->   Operation 29 'read' 'distances_load_206_read' <Predicate = true> <Delay = 0.00>
ST_1 : Operation 30 [1/1] (0.00ns)   --->   "%mul_ln37_101_cast = zext i16 %mul_ln37_101_read"   --->   Operation 30 'zext' 'mul_ln37_101_cast' <Predicate = true> <Delay = 0.00>
ST_1 : Operation 31 [1/1] (1.58ns)   --->   "%store_ln0 = store i32 1, i32 %empty"   --->   Operation 31 'store' 'store_ln0' <Predicate = true> <Delay = 1.58>
ST_1 : Operation 32 [1/1] (1.58ns)   --->   "%store_ln0 = store i9 0, i9 %candidate"   --->   Operation 32 'store' 'store_ln0' <Predicate = true> <Delay = 1.58>
ST_1 : Operation 33 [1/1] (0.00ns)   --->   "%br_ln0 = br void %for.body19.103"   --->   Operation 33 'br' 'br_ln0' <Predicate = true> <Delay = 0.00>

State 2 <SV = 1> <Delay = 2.32>
ST_2 : Operation 34 [1/1] (0.00ns)   --->   "%candidate_353 = load i9 %candidate" [cluster/cluster.cpp:42]   --->   Operation 34 'load' 'candidate_353' <Predicate = true> <Delay = 0.00>
ST_2 : Operation 35 [1/1] (0.00ns)   --->   "%specpipeline_ln0 = specpipeline void @_ssdm_op_SpecPipeline, i32 4294967295, i32 0, i32 1, i32 0, void @p_str"   --->   Operation 35 'specpipeline' 'specpipeline_ln0' <Predicate = true> <Delay = 0.00>
ST_2 : Operation 36 [1/1] (1.66ns)   --->   "%icmp_ln42 = icmp_eq  i9 %candidate_353, i9 360" [cluster/cluster.cpp:42]   --->   Operation 36 'icmp' 'icmp_ln42' <Predicate = true> <Delay = 1.66> <CoreInst = "Cmp">   --->   Core 9 'Cmp' <Latency = 0> <II = 1> <Delay = 1.66> <FuncUnit> <Opcode : 'icmp'> <InPorts = 2> <OutPorts = 1>
ST_2 : Operation 37 [1/1] (0.00ns)   --->   "%empty_462 = speclooptripcount i32 @_ssdm_op_SpecLoopTripCount, i64 360, i64 360, i64 360"   --->   Operation 37 'speclooptripcount' 'empty_462' <Predicate = true> <Delay = 0.00>
ST_2 : Operation 38 [1/1] (1.82ns)   --->   "%add_ln42 = add i9 %candidate_353, i9 1" [cluster/cluster.cpp:42]   --->   Operation 38 'add' 'add_ln42' <Predicate = true> <Delay = 1.82> <CoreInst = "Adder">   --->   Core 1 'Adder' <Latency = 0> <II = 1> <Delay = 1.82> <FuncUnit> <Opcode : 'add' 'sub'> <InPorts = 2> <OutPorts = 1>
ST_2 : Operation 39 [1/1] (0.00ns)   --->   "%br_ln42 = br i1 %icmp_ln42, void %for.body19.103.split, void %for.end56.103.exitStub" [cluster/cluster.cpp:42]   --->   Operation 39 'br' 'br_ln42' <Predicate = true> <Delay = 0.00>
ST_2 : Operation 40 [1/1] (0.00ns)   --->   "%trunc_ln44_102_cast299 = zext i9 %candidate_353" [cluster/cluster.cpp:42]   --->   Operation 40 'zext' 'trunc_ln44_102_cast299' <Predicate = (!icmp_ln42)> <Delay = 0.00>
ST_2 : Operation 41 [1/1] (0.00ns)   --->   "%grouped_addr = getelementptr i1 %grouped, i64 0, i64 %trunc_ln44_102_cast299" [cluster/cluster.cpp:43]   --->   Operation 41 'getelementptr' 'grouped_addr' <Predicate = (!icmp_ln42)> <Delay = 0.00>
ST_2 : Operation 42 [2/2] (2.32ns)   --->   "%grouped_load = load i9 %grouped_addr" [cluster/cluster.cpp:43]   --->   Operation 42 'load' 'grouped_load' <Predicate = (!icmp_ln42)> <Delay = 2.32> <CoreInst = "RAM">   --->   Core 82 'RAM' <Latency = 1> <II = 1> <Delay = 2.32> <Storage> <Opcode : 'load' 'store'> <Ports = 2> <Width = 1> <Depth = 360> <RAM>
ST_2 : Operation 43 [1/1] (0.00ns)   --->   "%p_load8 = load i32 %empty"   --->   Operation 43 'load' 'p_load8' <Predicate = (icmp_ln42)> <Delay = 0.00>
ST_2 : Operation 44 [1/1] (0.00ns)   --->   "%write_ln0 = write void @_ssdm_op_Write.ap_auto.i32P0A, i32 %p_out, i32 %p_load8"   --->   Operation 44 'write' 'write_ln0' <Predicate = (icmp_ln42)> <Delay = 0.00>
ST_2 : Operation 45 [1/1] (0.00ns)   --->   "%ret_ln0 = ret"   --->   Operation 45 'ret' 'ret_ln0' <Predicate = (icmp_ln42)> <Delay = 0.00>

State 3 <SV = 2> <Delay = 3.30>
ST_3 : Operation 46 [1/1] (0.00ns)   --->   "%specloopname_ln42 = specloopname void @_ssdm_op_SpecLoopName, void @empty_9" [cluster/cluster.cpp:42]   --->   Operation 46 'specloopname' 'specloopname_ln42' <Predicate = true> <Delay = 0.00>
ST_3 : Operation 47 [1/2] (2.32ns)   --->   "%grouped_load = load i9 %grouped_addr" [cluster/cluster.cpp:43]   --->   Operation 47 'load' 'grouped_load' <Predicate = true> <Delay = 2.32> <CoreInst = "RAM">   --->   Core 82 'RAM' <Latency = 1> <II = 1> <Delay = 2.32> <Storage> <Opcode : 'load' 'store'> <Ports = 2> <Width = 1> <Depth = 360> <RAM>
ST_3 : Operation 48 [1/1] (1.66ns)   --->   "%icmp_ln43 = icmp_eq  i9 %candidate_353, i9 103" [cluster/cluster.cpp:43]   --->   Operation 48 'icmp' 'icmp_ln43' <Predicate = true> <Delay = 1.66> <CoreInst = "Cmp">   --->   Core 9 'Cmp' <Latency = 0> <II = 1> <Delay = 1.66> <FuncUnit> <Opcode : 'icmp'> <InPorts = 2> <OutPorts = 1>
ST_3 : Operation 49 [1/1] (0.97ns)   --->   "%or_ln43 = or i1 %grouped_load, i1 %icmp_ln43" [cluster/cluster.cpp:43]   --->   Operation 49 'or' 'or_ln43' <Predicate = true> <Delay = 0.97> <CoreInst = "LogicGate">   --->   Core 74 'LogicGate' <Latency = 0> <II = 1> <Delay = 0.97> <FuncUnit> <Opcode : 'and' 'or' 'xor'> <InPorts = 2> <OutPorts = 1>
ST_3 : Operation 50 [1/1] (0.00ns)   --->   "%br_ln43 = br i1 %or_ln43, void %if.then23.103, void %for.inc54.103" [cluster/cluster.cpp:43]   --->   Operation 50 'br' 'br_ln43' <Predicate = true> <Delay = 0.00>
ST_3 : Operation 51 [1/1] (0.00ns)   --->   "%distances_addr = getelementptr i32 %distances, i64 0, i64 %trunc_ln44_102_cast299" [cluster/cluster.cpp:50]   --->   Operation 51 'getelementptr' 'distances_addr' <Predicate = (!or_ln43)> <Delay = 0.00>
ST_3 : Operation 52 [2/2] (3.25ns)   --->   "%distances_load = load i9 %distances_addr" [cluster/cluster.cpp:50]   --->   Operation 52 'load' 'distances_load' <Predicate = (!or_ln43)> <Delay = 3.25> <CoreInst = "RAM">   --->   Core 82 'RAM' <Latency = 1> <II = 1> <Delay = 3.25> <Storage> <Opcode : 'load' 'store'> <Ports = 2> <Width = 32> <Depth = 360> <RAM>

State 4 <SV = 3> <Delay = 7.07>
ST_4 : Operation 53 [1/1] (0.00ns)   --->   "%zext_ln44 = zext i9 %candidate_353" [cluster/cluster.cpp:44]   --->   Operation 53 'zext' 'zext_ln44' <Predicate = true> <Delay = 0.00>
ST_4 : Operation 54 [1/1] (1.82ns)   --->   "%add_ln44 = add i10 %zext_ln44, i10 921" [cluster/cluster.cpp:44]   --->   Operation 54 'add' 'add_ln44' <Predicate = true> <Delay = 1.82> <CoreInst = "Adder">   --->   Core 1 'Adder' <Latency = 0> <II = 1> <Delay = 1.82> <FuncUnit> <Opcode : 'add' 'sub'> <InPorts = 2> <OutPorts = 1>
ST_4 : Operation 55 [1/1] (1.82ns)   --->   "%neg2202 = sub i9 103, i9 %candidate_353" [cluster/cluster.cpp:42]   --->   Operation 55 'sub' 'neg2202' <Predicate = true> <Delay = 1.82> <CoreInst = "Adder">   --->   Core 1 'Adder' <Latency = 0> <II = 1> <Delay = 1.82> <FuncUnit> <Opcode : 'add' 'sub'> <InPorts = 2> <OutPorts = 1>
ST_4 : Operation 56 [1/1] (0.00ns)   --->   "%neg2202_cast = sext i9 %neg2202" [cluster/cluster.cpp:42]   --->   Operation 56 'sext' 'neg2202_cast' <Predicate = true> <Delay = 0.00>
ST_4 : Operation 57 [1/1] (1.77ns)   --->   "%abscond2203 = icmp_sgt  i10 %add_ln44, i10 0" [cluster/cluster.cpp:44]   --->   Operation 57 'icmp' 'abscond2203' <Predicate = true> <Delay = 1.77> <CoreInst = "Cmp">   --->   Core 9 'Cmp' <Latency = 0> <II = 1> <Delay = 1.77> <FuncUnit> <Opcode : 'icmp'> <InPorts = 2> <OutPorts = 1>
ST_4 : Operation 58 [1/1] (0.68ns)   --->   "%delta_angle_206 = select i1 %abscond2203, i10 %add_ln44, i10 %neg2202_cast" [cluster/cluster.cpp:44]   --->   Operation 58 'select' 'delta_angle_206' <Predicate = true> <Delay = 0.68> <CoreInst = "Sel">   --->   Core 73 'Sel' <Latency = 0> <II = 1> <Delay = 0.68> <FuncUnit> <Opcode : 'select'> <InPorts = 3> <OutPorts = 1>
ST_4 : Operation 59 [1/1] (0.00ns)   --->   "%trunc_ln44 = trunc i10 %delta_angle_206" [cluster/cluster.cpp:44]   --->   Operation 59 'trunc' 'trunc_ln44' <Predicate = true> <Delay = 0.00>
ST_4 : Operation 60 [1/1] (1.77ns)   --->   "%icmp_ln45 = icmp_sgt  i10 %delta_angle_206, i10 180" [cluster/cluster.cpp:45]   --->   Operation 60 'icmp' 'icmp_ln45' <Predicate = true> <Delay = 1.77> <CoreInst = "Cmp">   --->   Core 9 'Cmp' <Latency = 0> <II = 1> <Delay = 1.77> <FuncUnit> <Opcode : 'icmp'> <InPorts = 2> <OutPorts = 1>
ST_4 : Operation 61 [1/1] (1.82ns)   --->   "%sub_ln46 = sub i9 360, i9 %trunc_ln44" [cluster/cluster.cpp:46]   --->   Operation 61 'sub' 'sub_ln46' <Predicate = true> <Delay = 1.82> <CoreInst = "Adder">   --->   Core 1 'Adder' <Latency = 0> <II = 1> <Delay = 1.82> <FuncUnit> <Opcode : 'add' 'sub'> <InPorts = 2> <OutPorts = 1>
ST_4 : Operation 62 [1/1] (0.96ns)   --->   "%delta_angle = select i1 %icmp_ln45, i9 %sub_ln46, i9 %trunc_ln44" [cluster/cluster.cpp:45]   --->   Operation 62 'select' 'delta_angle' <Predicate = true> <Delay = 0.96> <CoreInst = "Sel">   --->   Core 73 'Sel' <Latency = 0> <II = 1> <Delay = 0.96> <FuncUnit> <Opcode : 'select'> <InPorts = 3> <OutPorts = 1>
ST_4 : Operation 63 [1/2] (3.25ns)   --->   "%distances_load = load i9 %distances_addr" [cluster/cluster.cpp:50]   --->   Operation 63 'load' 'distances_load' <Predicate = true> <Delay = 3.25> <CoreInst = "RAM">   --->   Core 82 'RAM' <Latency = 1> <II = 1> <Delay = 3.25> <Storage> <Opcode : 'load' 'store'> <Ports = 2> <Width = 32> <Depth = 360> <RAM>
ST_4 : Operation 64 [1/1] (2.55ns)   --->   "%sub_ln50 = sub i32 %distances_load_206_read, i32 %distances_load" [cluster/cluster.cpp:50]   --->   Operation 64 'sub' 'sub_ln50' <Predicate = true> <Delay = 2.55> <CoreInst = "Adder">   --->   Core 1 'Adder' <Latency = 0> <II = 1> <Delay = 2.55> <FuncUnit> <Opcode : 'add' 'sub'> <InPorts = 2> <OutPorts = 1>

State 5 <SV = 4> <Delay = 4.06>
ST_5 : Operation 65 [1/1] (0.00ns)   --->   "%sext_ln44 = sext i9 %delta_angle" [cluster/cluster.cpp:44]   --->   Operation 65 'sext' 'sext_ln44' <Predicate = true> <Delay = 0.00>
ST_5 : Operation 66 [2/2] (4.06ns)   --->   "%tmp_251 = call i31 @pow, i32 %sext_ln44, i6 %log_apfixed_reduce_log_inverse_lut_table_array_V, i82 %log_apfixed_reduce_log0_lut_table_ap_fixed_0_5_64_array_V, i78 %log_apfixed_reduce_log_lut_table_ap_fixed_4_4_16_array_V, i75 %log_apfixed_reduce_log_lut_table_ap_fixed_7_6_64_array_V, i70 %log_apfixed_reduce_log_lut_table_ap_fixed_12_6_64_array_V, i65 %log_apfixed_reduce_log_lut_table_ap_fixed_17_6_64_array_V, i60 %log_apfixed_reduce_log_lut_table_ap_fixed_22_6_64_array_V, i32 %f_x_msb_4_table_V, i16 %f_x_msb_5_table_V, i51 %f_x_msb_3_table_V, i64 %f_x_msb_2_table_V, i68 %exp_x_msb_1_table_V" [cluster/cluster.cpp:50]   --->   Operation 66 'call' 'tmp_251' <Predicate = true> <Delay = 4.06> <CoreType = "Generic">   --->   Core 0 '' <Latency = 0> <II = 1> <Delay = 1.00> <Generic> <Opcode : >
ST_5 : Operation 67 [2/2] (4.06ns)   --->   "%tmp_252 = call i31 @pow, i32 %sub_ln50, i6 %log_apfixed_reduce_log_inverse_lut_table_array_V, i82 %log_apfixed_reduce_log0_lut_table_ap_fixed_0_5_64_array_V, i78 %log_apfixed_reduce_log_lut_table_ap_fixed_4_4_16_array_V, i75 %log_apfixed_reduce_log_lut_table_ap_fixed_7_6_64_array_V, i70 %log_apfixed_reduce_log_lut_table_ap_fixed_12_6_64_array_V, i65 %log_apfixed_reduce_log_lut_table_ap_fixed_17_6_64_array_V, i60 %log_apfixed_reduce_log_lut_table_ap_fixed_22_6_64_array_V, i32 %f_x_msb_4_table_V, i16 %f_x_msb_5_table_V, i51 %f_x_msb_3_table_V, i64 %f_x_msb_2_table_V, i68 %exp_x_msb_1_table_V" [cluster/cluster.cpp:50]   --->   Operation 67 'call' 'tmp_252' <Predicate = true> <Delay = 4.06> <CoreType = "Generic">   --->   Core 0 '' <Latency = 0> <II = 1> <Delay = 1.00> <Generic> <Opcode : >

State 6 <SV = 5> <Delay = 6.80>
ST_6 : Operation 68 [1/2] (6.80ns)   --->   "%tmp_251 = call i31 @pow, i32 %sext_ln44, i6 %log_apfixed_reduce_log_inverse_lut_table_array_V, i82 %log_apfixed_reduce_log0_lut_table_ap_fixed_0_5_64_array_V, i78 %log_apfixed_reduce_log_lut_table_ap_fixed_4_4_16_array_V, i75 %log_apfixed_reduce_log_lut_table_ap_fixed_7_6_64_array_V, i70 %log_apfixed_reduce_log_lut_table_ap_fixed_12_6_64_array_V, i65 %log_apfixed_reduce_log_lut_table_ap_fixed_17_6_64_array_V, i60 %log_apfixed_reduce_log_lut_table_ap_fixed_22_6_64_array_V, i32 %f_x_msb_4_table_V, i16 %f_x_msb_5_table_V, i51 %f_x_msb_3_table_V, i64 %f_x_msb_2_table_V, i68 %exp_x_msb_1_table_V" [cluster/cluster.cpp:50]   --->   Operation 68 'call' 'tmp_251' <Predicate = true> <Delay = 6.80> <CoreType = "Generic">   --->   Core 0 '' <Latency = 0> <II = 1> <Delay = 1.00> <Generic> <Opcode : >
ST_6 : Operation 69 [1/2] (6.80ns)   --->   "%tmp_252 = call i31 @pow, i32 %sub_ln50, i6 %log_apfixed_reduce_log_inverse_lut_table_array_V, i82 %log_apfixed_reduce_log0_lut_table_ap_fixed_0_5_64_array_V, i78 %log_apfixed_reduce_log_lut_table_ap_fixed_4_4_16_array_V, i75 %log_apfixed_reduce_log_lut_table_ap_fixed_7_6_64_array_V, i70 %log_apfixed_reduce_log_lut_table_ap_fixed_12_6_64_array_V, i65 %log_apfixed_reduce_log_lut_table_ap_fixed_17_6_64_array_V, i60 %log_apfixed_reduce_log_lut_table_ap_fixed_22_6_64_array_V, i32 %f_x_msb_4_table_V, i16 %f_x_msb_5_table_V, i51 %f_x_msb_3_table_V, i64 %f_x_msb_2_table_V, i68 %exp_x_msb_1_table_V" [cluster/cluster.cpp:50]   --->   Operation 69 'call' 'tmp_252' <Predicate = true> <Delay = 6.80> <CoreType = "Generic">   --->   Core 0 '' <Latency = 0> <II = 1> <Delay = 1.00> <Generic> <Opcode : >

State 7 <SV = 6> <Delay = 2.52>
ST_7 : Operation 70 [1/1] (0.00ns)   --->   "%zext_ln50_206 = zext i31 %tmp_251" [cluster/cluster.cpp:50]   --->   Operation 70 'zext' 'zext_ln50_206' <Predicate = true> <Delay = 0.00>
ST_7 : Operation 71 [1/1] (0.00ns)   --->   "%zext_ln50_207 = zext i31 %tmp_252" [cluster/cluster.cpp:50]   --->   Operation 71 'zext' 'zext_ln50_207' <Predicate = true> <Delay = 0.00>
ST_7 : Operation 72 [1/1] (2.52ns)   --->   "%xf_V = add i32 %zext_ln50_207, i32 %zext_ln50_206" [cluster/cluster.cpp:50]   --->   Operation 72 'add' 'xf_V' <Predicate = true> <Delay = 2.52> <CoreInst = "Adder">   --->   Core 1 'Adder' <Latency = 0> <II = 1> <Delay = 2.52> <FuncUnit> <Opcode : 'add' 'sub'> <InPorts = 2> <OutPorts = 1>

State 8 <SV = 7> <Delay = 7.12>
ST_8 : Operation 73 [9/9] (7.12ns)   --->   "%p_Val2_s = call i16 @sqrt_fixed<32, 32>, i32 %xf_V" [C:\scratch\2022.2\hls_product\608\2022.2\src\shared\hls\clib/hlsmath/include\hls_sqrt_apfixed.h:381]   --->   Operation 73 'call' 'p_Val2_s' <Predicate = true> <Delay = 7.12> <CoreType = "Generic">   --->   Core 0 '' <Latency = 0> <II = 1> <Delay = 1.00> <Generic> <Opcode : >

State 9 <SV = 8> <Delay = 7.15>
ST_9 : Operation 74 [8/9] (7.15ns)   --->   "%p_Val2_s = call i16 @sqrt_fixed<32, 32>, i32 %xf_V" [C:\scratch\2022.2\hls_product\608\2022.2\src\shared\hls\clib/hlsmath/include\hls_sqrt_apfixed.h:381]   --->   Operation 74 'call' 'p_Val2_s' <Predicate = true> <Delay = 7.15> <CoreType = "Generic">   --->   Core 0 '' <Latency = 0> <II = 1> <Delay = 1.00> <Generic> <Opcode : >

State 10 <SV = 9> <Delay = 7.15>
ST_10 : Operation 75 [7/9] (7.15ns)   --->   "%p_Val2_s = call i16 @sqrt_fixed<32, 32>, i32 %xf_V" [C:\scratch\2022.2\hls_product\608\2022.2\src\shared\hls\clib/hlsmath/include\hls_sqrt_apfixed.h:381]   --->   Operation 75 'call' 'p_Val2_s' <Predicate = true> <Delay = 7.15> <CoreType = "Generic">   --->   Core 0 '' <Latency = 0> <II = 1> <Delay = 1.00> <Generic> <Opcode : >

State 11 <SV = 10> <Delay = 7.15>
ST_11 : Operation 76 [6/9] (7.15ns)   --->   "%p_Val2_s = call i16 @sqrt_fixed<32, 32>, i32 %xf_V" [C:\scratch\2022.2\hls_product\608\2022.2\src\shared\hls\clib/hlsmath/include\hls_sqrt_apfixed.h:381]   --->   Operation 76 'call' 'p_Val2_s' <Predicate = true> <Delay = 7.15> <CoreType = "Generic">   --->   Core 0 '' <Latency = 0> <II = 1> <Delay = 1.00> <Generic> <Opcode : >

State 12 <SV = 11> <Delay = 7.15>
ST_12 : Operation 77 [5/9] (7.15ns)   --->   "%p_Val2_s = call i16 @sqrt_fixed<32, 32>, i32 %xf_V" [C:\scratch\2022.2\hls_product\608\2022.2\src\shared\hls\clib/hlsmath/include\hls_sqrt_apfixed.h:381]   --->   Operation 77 'call' 'p_Val2_s' <Predicate = true> <Delay = 7.15> <CoreType = "Generic">   --->   Core 0 '' <Latency = 0> <II = 1> <Delay = 1.00> <Generic> <Opcode : >

State 13 <SV = 12> <Delay = 7.15>
ST_13 : Operation 78 [4/9] (7.15ns)   --->   "%p_Val2_s = call i16 @sqrt_fixed<32, 32>, i32 %xf_V" [C:\scratch\2022.2\hls_product\608\2022.2\src\shared\hls\clib/hlsmath/include\hls_sqrt_apfixed.h:381]   --->   Operation 78 'call' 'p_Val2_s' <Predicate = true> <Delay = 7.15> <CoreType = "Generic">   --->   Core 0 '' <Latency = 0> <II = 1> <Delay = 1.00> <Generic> <Opcode : >

State 14 <SV = 13> <Delay = 7.15>
ST_14 : Operation 79 [3/9] (7.15ns)   --->   "%p_Val2_s = call i16 @sqrt_fixed<32, 32>, i32 %xf_V" [C:\scratch\2022.2\hls_product\608\2022.2\src\shared\hls\clib/hlsmath/include\hls_sqrt_apfixed.h:381]   --->   Operation 79 'call' 'p_Val2_s' <Predicate = true> <Delay = 7.15> <CoreType = "Generic">   --->   Core 0 '' <Latency = 0> <II = 1> <Delay = 1.00> <Generic> <Opcode : >

State 15 <SV = 14> <Delay = 7.15>
ST_15 : Operation 80 [2/9] (7.15ns)   --->   "%p_Val2_s = call i16 @sqrt_fixed<32, 32>, i32 %xf_V" [C:\scratch\2022.2\hls_product\608\2022.2\src\shared\hls\clib/hlsmath/include\hls_sqrt_apfixed.h:381]   --->   Operation 80 'call' 'p_Val2_s' <Predicate = true> <Delay = 7.15> <CoreType = "Generic">   --->   Core 0 '' <Latency = 0> <II = 1> <Delay = 1.00> <Generic> <Opcode : >

State 16 <SV = 15> <Delay = 6.54>
ST_16 : Operation 81 [1/9] (6.54ns)   --->   "%p_Val2_s = call i16 @sqrt_fixed<32, 32>, i32 %xf_V" [C:\scratch\2022.2\hls_product\608\2022.2\src\shared\hls\clib/hlsmath/include\hls_sqrt_apfixed.h:381]   --->   Operation 81 'call' 'p_Val2_s' <Predicate = true> <Delay = 6.54> <CoreType = "Generic">   --->   Core 0 '' <Latency = 0> <II = 1> <Delay = 1.00> <Generic> <Opcode : >

State 17 <SV = 16> <Delay = 6.41>
ST_17 : Operation 82 [1/1] (0.00ns)   --->   "%zext_ln987 = zext i16 %p_Val2_s"   --->   Operation 82 'zext' 'zext_ln987' <Predicate = true> <Delay = 0.00>
ST_17 : Operation 83 [6/6] (6.41ns)   --->   "%euclidean_distance = sitofp i32 %zext_ln987" [cluster/cluster.cpp:50]   --->   Operation 83 'sitofp' 'euclidean_distance' <Predicate = true> <Delay = 6.41> <CoreInst = "Int2Float">   --->   Core 62 'Int2Float' <Latency = 5> <II = 1> <Delay = 6.41> <FuncUnit> <Opcode : 'sitofp' 'uitofp'> <InPorts = 1> <OutPorts = 1>

State 18 <SV = 17> <Delay = 6.41>
ST_18 : Operation 84 [5/6] (6.41ns)   --->   "%euclidean_distance = sitofp i32 %zext_ln987" [cluster/cluster.cpp:50]   --->   Operation 84 'sitofp' 'euclidean_distance' <Predicate = true> <Delay = 6.41> <CoreInst = "Int2Float">   --->   Core 62 'Int2Float' <Latency = 5> <II = 1> <Delay = 6.41> <FuncUnit> <Opcode : 'sitofp' 'uitofp'> <InPorts = 1> <OutPorts = 1>

State 19 <SV = 18> <Delay = 6.41>
ST_19 : Operation 85 [4/6] (6.41ns)   --->   "%euclidean_distance = sitofp i32 %zext_ln987" [cluster/cluster.cpp:50]   --->   Operation 85 'sitofp' 'euclidean_distance' <Predicate = true> <Delay = 6.41> <CoreInst = "Int2Float">   --->   Core 62 'Int2Float' <Latency = 5> <II = 1> <Delay = 6.41> <FuncUnit> <Opcode : 'sitofp' 'uitofp'> <InPorts = 1> <OutPorts = 1>

State 20 <SV = 19> <Delay = 6.41>
ST_20 : Operation 86 [3/6] (6.41ns)   --->   "%euclidean_distance = sitofp i32 %zext_ln987" [cluster/cluster.cpp:50]   --->   Operation 86 'sitofp' 'euclidean_distance' <Predicate = true> <Delay = 6.41> <CoreInst = "Int2Float">   --->   Core 62 'Int2Float' <Latency = 5> <II = 1> <Delay = 6.41> <FuncUnit> <Opcode : 'sitofp' 'uitofp'> <InPorts = 1> <OutPorts = 1>

State 21 <SV = 20> <Delay = 6.41>
ST_21 : Operation 87 [2/6] (6.41ns)   --->   "%euclidean_distance = sitofp i32 %zext_ln987" [cluster/cluster.cpp:50]   --->   Operation 87 'sitofp' 'euclidean_distance' <Predicate = true> <Delay = 6.41> <CoreInst = "Int2Float">   --->   Core 62 'Int2Float' <Latency = 5> <II = 1> <Delay = 6.41> <FuncUnit> <Opcode : 'sitofp' 'uitofp'> <InPorts = 1> <OutPorts = 1>

State 22 <SV = 21> <Delay = 6.41>
ST_22 : Operation 88 [1/6] (6.41ns)   --->   "%euclidean_distance = sitofp i32 %zext_ln987" [cluster/cluster.cpp:50]   --->   Operation 88 'sitofp' 'euclidean_distance' <Predicate = true> <Delay = 6.41> <CoreInst = "Int2Float">   --->   Core 62 'Int2Float' <Latency = 5> <II = 1> <Delay = 6.41> <FuncUnit> <Opcode : 'sitofp' 'uitofp'> <InPorts = 1> <OutPorts = 1>

State 23 <SV = 22> <Delay = 5.43>
ST_23 : Operation 89 [1/1] (0.00ns)   --->   "%bitcast_ln53 = bitcast i32 %euclidean_distance" [cluster/cluster.cpp:53]   --->   Operation 89 'bitcast' 'bitcast_ln53' <Predicate = true> <Delay = 0.00>
ST_23 : Operation 90 [1/1] (0.00ns)   --->   "%tmp_s = partselect i8 @_ssdm_op_PartSelect.i8.i32.i32.i32, i32 %bitcast_ln53, i32 23, i32 30" [cluster/cluster.cpp:53]   --->   Operation 90 'partselect' 'tmp_s' <Predicate = true> <Delay = 0.00>
ST_23 : Operation 91 [1/1] (0.00ns)   --->   "%trunc_ln53 = trunc i32 %bitcast_ln53" [cluster/cluster.cpp:53]   --->   Operation 91 'trunc' 'trunc_ln53' <Predicate = true> <Delay = 0.00>
ST_23 : Operation 92 [1/1] (1.55ns)   --->   "%icmp_ln53_206 = icmp_ne  i8 %tmp_s, i8 255" [cluster/cluster.cpp:53]   --->   Operation 92 'icmp' 'icmp_ln53_206' <Predicate = true> <Delay = 1.55> <CoreInst = "Cmp">   --->   Core 9 'Cmp' <Latency = 0> <II = 1> <Delay = 1.55> <FuncUnit> <Opcode : 'icmp'> <InPorts = 2> <OutPorts = 1>
ST_23 : Operation 93 [1/1] (2.44ns)   --->   "%icmp_ln53_207 = icmp_eq  i23 %trunc_ln53, i23 0" [cluster/cluster.cpp:53]   --->   Operation 93 'icmp' 'icmp_ln53_207' <Predicate = true> <Delay = 2.44> <CoreInst = "Cmp">   --->   Core 9 'Cmp' <Latency = 0> <II = 1> <Delay = 2.44> <FuncUnit> <Opcode : 'icmp'> <InPorts = 2> <OutPorts = 1>
ST_23 : Operation 94 [2/2] (5.43ns)   --->   "%tmp_696 = fcmp_olt  i32 %euclidean_distance, i32 200" [cluster/cluster.cpp:53]   --->   Operation 94 'fcmp' 'tmp_696' <Predicate = true> <Delay = 5.43> <CoreInst = "FCompare">   --->   Core 19 'FCompare' <Latency = 1> <II = 1> <Delay = 5.43> <FuncUnit> <Opcode : 'fcmp'> <InPorts = 2> <OutPorts = 1>

State 24 <SV = 23> <Delay = 6.40>
ST_24 : Operation 95 [1/1] (0.00ns) (grouped into LUT with out node and_ln53)   --->   "%or_ln53 = or i1 %icmp_ln53_207, i1 %icmp_ln53_206" [cluster/cluster.cpp:53]   --->   Operation 95 'or' 'or_ln53' <Predicate = true> <Delay = 0.00> <CoreInst = "LogicGate">   --->   Core 74 'LogicGate' <Latency = 0> <II = 1> <Delay = 0.97> <FuncUnit> <Opcode : 'and' 'or' 'xor'> <InPorts = 2> <OutPorts = 1>
ST_24 : Operation 96 [1/2] (5.43ns)   --->   "%tmp_696 = fcmp_olt  i32 %euclidean_distance, i32 200" [cluster/cluster.cpp:53]   --->   Operation 96 'fcmp' 'tmp_696' <Predicate = true> <Delay = 5.43> <CoreInst = "FCompare">   --->   Core 19 'FCompare' <Latency = 1> <II = 1> <Delay = 5.43> <FuncUnit> <Opcode : 'fcmp'> <InPorts = 2> <OutPorts = 1>
ST_24 : Operation 97 [1/1] (0.97ns) (out node of the LUT)   --->   "%and_ln53 = and i1 %or_ln53, i1 %tmp_696" [cluster/cluster.cpp:53]   --->   Operation 97 'and' 'and_ln53' <Predicate = true> <Delay = 0.97> <CoreInst = "LogicGate">   --->   Core 74 'LogicGate' <Latency = 0> <II = 1> <Delay = 0.97> <FuncUnit> <Opcode : 'and' 'or' 'xor'> <InPorts = 2> <OutPorts = 1>
ST_24 : Operation 98 [1/1] (0.00ns)   --->   "%br_ln53 = br i1 %and_ln53, void %for.inc54.103, void %if.then37.103" [cluster/cluster.cpp:53]   --->   Operation 98 'br' 'br_ln53' <Predicate = true> <Delay = 0.00>

State 25 <SV = 24> <Delay = 5.36>
ST_25 : Operation 99 [1/1] (0.00ns)   --->   "%p_load = load i32 %empty" [cluster/cluster.cpp:54]   --->   Operation 99 'load' 'p_load' <Predicate = (!or_ln43 & and_ln53)> <Delay = 0.00>
ST_25 : Operation 100 [1/1] (0.00ns)   --->   "%trunc_ln54 = trunc i32 %p_load" [cluster/cluster.cpp:54]   --->   Operation 100 'trunc' 'trunc_ln54' <Predicate = (!or_ln43 & and_ln53)> <Delay = 0.00>
ST_25 : Operation 101 [1/1] (2.10ns)   --->   "%add_ln54 = add i17 %mul_ln37_101_cast, i17 %trunc_ln54" [cluster/cluster.cpp:54]   --->   Operation 101 'add' 'add_ln54' <Predicate = (!or_ln43 & and_ln53)> <Delay = 2.10> <CoreInst = "Adder">   --->   Core 1 'Adder' <Latency = 0> <II = 1> <Delay = 2.10> <FuncUnit> <Opcode : 'add' 'sub'> <InPorts = 2> <OutPorts = 1>
ST_25 : Operation 102 [1/1] (0.00ns)   --->   "%zext_ln54 = zext i17 %add_ln54" [cluster/cluster.cpp:54]   --->   Operation 102 'zext' 'zext_ln54' <Predicate = (!or_ln43 & and_ln53)> <Delay = 0.00>
ST_25 : Operation 103 [1/1] (0.00ns)   --->   "%clusters_members_addr = getelementptr i9 %clusters_members, i64 0, i64 %zext_ln54" [cluster/cluster.cpp:54]   --->   Operation 103 'getelementptr' 'clusters_members_addr' <Predicate = (!or_ln43 & and_ln53)> <Delay = 0.00>
ST_25 : Operation 104 [1/1] (3.25ns)   --->   "%store_ln54 = store i9 %candidate_353, i17 %clusters_members_addr" [cluster/cluster.cpp:54]   --->   Operation 104 'store' 'store_ln54' <Predicate = (!or_ln43 & and_ln53)> <Delay = 3.25> <CoreInst = "RAM">   --->   Core 82 'RAM' <Latency = 1> <II = 1> <Delay = 3.25> <Storage> <Opcode : 'load' 'store'> <Ports = 2> <Width = 9> <Depth = 129600> <RAM>
ST_25 : Operation 105 [1/1] (2.55ns)   --->   "%add_ln55 = add i32 %p_load, i32 1" [cluster/cluster.cpp:55]   --->   Operation 105 'add' 'add_ln55' <Predicate = (!or_ln43 & and_ln53)> <Delay = 2.55> <CoreInst = "Adder">   --->   Core 1 'Adder' <Latency = 0> <II = 1> <Delay = 2.55> <FuncUnit> <Opcode : 'add' 'sub'> <InPorts = 2> <OutPorts = 1>
ST_25 : Operation 106 [1/1] (2.32ns)   --->   "%store_ln56 = store i1 1, i9 %grouped_addr" [cluster/cluster.cpp:56]   --->   Operation 106 'store' 'store_ln56' <Predicate = (!or_ln43 & and_ln53)> <Delay = 2.32> <CoreInst = "RAM">   --->   Core 82 'RAM' <Latency = 1> <II = 1> <Delay = 2.32> <Storage> <Opcode : 'load' 'store'> <Ports = 2> <Width = 1> <Depth = 360> <RAM>
ST_25 : Operation 107 [1/1] (1.58ns)   --->   "%store_ln57 = store i32 %add_ln55, i32 %empty" [cluster/cluster.cpp:57]   --->   Operation 107 'store' 'store_ln57' <Predicate = (!or_ln43 & and_ln53)> <Delay = 1.58>
ST_25 : Operation 108 [1/1] (0.00ns)   --->   "%br_ln57 = br void %for.inc54.103" [cluster/cluster.cpp:57]   --->   Operation 108 'br' 'br_ln57' <Predicate = (!or_ln43 & and_ln53)> <Delay = 0.00>
ST_25 : Operation 109 [1/1] (1.58ns)   --->   "%store_ln42 = store i9 %add_ln42, i9 %candidate" [cluster/cluster.cpp:42]   --->   Operation 109 'store' 'store_ln42' <Predicate = true> <Delay = 1.58>
ST_25 : Operation 110 [1/1] (0.00ns)   --->   "%br_ln42 = br void %for.body19.103" [cluster/cluster.cpp:42]   --->   Operation 110 'br' 'br_ln42' <Predicate = true> <Delay = 0.00>


============================================================
+ Verbose Summary: Binding
============================================================
STG Binding: 
---------------- STG Properties BEGIN ----------------
- Is combinational: 0
- Is one-state seq: 0
- Is datapath-only: 0
- Is pipelined: 0
- Is top level: 0
Port [ Return ] is wired: 1; IO mode=ap_ctrl_hs:ce=0
Port [ grouped]:  wired=1; compound=1; hidden=0; nouse=0; global=0; static=0; extern=0; dir=2; type=1; pingpong=0; private_global=0; MemPort=[23]; IO mode=ap_memory:ce=0
Port [ distances]:  wired=1; compound=1; hidden=0; nouse=0; global=0; static=0; extern=0; dir=0; type=1; pingpong=0; private_global=0; MemPort=[13]; IO mode=ap_memory:ce=0
Port [ distances_load_206]:  wired=1; compound=0; hidden=0; nouse=0; global=0; static=0; extern=0; dir=0; type=0; pingpong=0; private_global=0; IO mode=ap_none:ce=0
Port [ mul_ln37_101]:  wired=1; compound=0; hidden=0; nouse=0; global=0; static=0; extern=0; dir=0; type=0; pingpong=0; private_global=0; IO mode=ap_none:ce=0
Port [ clusters_members]:  wired=1; compound=1; hidden=0; nouse=0; global=0; static=0; extern=0; dir=1; type=1; pingpong=0; private_global=0; MemPort=[03]; IO mode=ap_memory:ce=0
Port [ p_out]:  wired=1; compound=0; hidden=0; nouse=0; global=0; static=0; extern=0; dir=1; type=0; pingpong=0; private_global=0; IO mode=ap_vld:ce=0
Port [ log_apfixed_reduce_log_inverse_lut_table_array_V]:  wired=0; compound=1; hidden=1; nouse=1; global=1; static=1; extern=0; dir=0; type=1; pingpong=0; private_global=0; MemPort=[1]; IO mode=ap_memory:ce=0
Port [ log_apfixed_reduce_log0_lut_table_ap_fixed_0_5_64_array_V]:  wired=0; compound=1; hidden=1; nouse=1; global=1; static=1; extern=0; dir=0; type=1; pingpong=0; private_global=0; MemPort=[1]; IO mode=ap_memory:ce=0
Port [ log_apfixed_reduce_log_lut_table_ap_fixed_4_4_16_array_V]:  wired=0; compound=1; hidden=1; nouse=1; global=1; static=1; extern=0; dir=0; type=1; pingpong=0; private_global=0; MemPort=[1]; IO mode=ap_memory:ce=0
Port [ log_apfixed_reduce_log_lut_table_ap_fixed_7_6_64_array_V]:  wired=0; compound=1; hidden=1; nouse=1; global=1; static=1; extern=0; dir=0; type=1; pingpong=0; private_global=0; MemPort=[1]; IO mode=ap_memory:ce=0
Port [ log_apfixed_reduce_log_lut_table_ap_fixed_12_6_64_array_V]:  wired=0; compound=1; hidden=1; nouse=1; global=1; static=1; extern=0; dir=0; type=1; pingpong=0; private_global=0; MemPort=[1]; IO mode=ap_memory:ce=0
Port [ log_apfixed_reduce_log_lut_table_ap_fixed_17_6_64_array_V]:  wired=0; compound=1; hidden=1; nouse=1; global=1; static=1; extern=0; dir=0; type=1; pingpong=0; private_global=0; MemPort=[1]; IO mode=ap_memory:ce=0
Port [ log_apfixed_reduce_log_lut_table_ap_fixed_22_6_64_array_V]:  wired=0; compound=1; hidden=1; nouse=1; global=1; static=1; extern=0; dir=0; type=1; pingpong=0; private_global=0; MemPort=[1]; IO mode=ap_memory:ce=0
Port [ f_x_msb_4_table_V]:  wired=0; compound=1; hidden=1; nouse=1; global=1; static=1; extern=0; dir=0; type=1; pingpong=0; private_global=0; MemPort=[1]; IO mode=ap_memory:ce=0
Port [ f_x_msb_5_table_V]:  wired=0; compound=1; hidden=1; nouse=1; global=1; static=1; extern=0; dir=0; type=1; pingpong=0; private_global=0; MemPort=[1]; IO mode=ap_memory:ce=0
Port [ f_x_msb_3_table_V]:  wired=0; compound=1; hidden=1; nouse=1; global=1; static=1; extern=0; dir=0; type=1; pingpong=0; private_global=0; MemPort=[1]; IO mode=ap_memory:ce=0
Port [ f_x_msb_2_table_V]:  wired=0; compound=1; hidden=1; nouse=1; global=1; static=1; extern=0; dir=0; type=1; pingpong=0; private_global=0; MemPort=[1]; IO mode=ap_memory:ce=0
Port [ exp_x_msb_1_table_V]:  wired=0; compound=1; hidden=1; nouse=1; global=1; static=1; extern=0; dir=0; type=1; pingpong=0; private_global=0; MemPort=[1]; IO mode=ap_memory:ce=0
---------------- STG Properties END ------------------

---------------- Datapath Model BEGIN ----------------

<LifeTime>
<method=bitvector/>
candidate               (alloca           ) [ 01111111111111111111111111]
empty                   (alloca           ) [ 01111111111111111111111111]
mul_ln37_101_read       (read             ) [ 00000000000000000000000000]
distances_load_206_read (read             ) [ 00111111111111111111111111]
mul_ln37_101_cast       (zext             ) [ 00111111111111111111111111]
store_ln0               (store            ) [ 00000000000000000000000000]
store_ln0               (store            ) [ 00000000000000000000000000]
br_ln0                  (br               ) [ 00000000000000000000000000]
candidate_353           (load             ) [ 00011111111111111111111111]
specpipeline_ln0        (specpipeline     ) [ 00000000000000000000000000]
icmp_ln42               (icmp             ) [ 00111111111111111111111111]
empty_462               (speclooptripcount) [ 00000000000000000000000000]
add_ln42                (add              ) [ 00011111111111111111111111]
br_ln42                 (br               ) [ 00000000000000000000000000]
trunc_ln44_102_cast299  (zext             ) [ 00010000000000000000000000]
grouped_addr            (getelementptr    ) [ 00011111111111111111111111]
p_load8                 (load             ) [ 00000000000000000000000000]
write_ln0               (write            ) [ 00000000000000000000000000]
ret_ln0                 (ret              ) [ 00000000000000000000000000]
specloopname_ln42       (specloopname     ) [ 00000000000000000000000000]
grouped_load            (load             ) [ 00000000000000000000000000]
icmp_ln43               (icmp             ) [ 00000000000000000000000000]
or_ln43                 (or               ) [ 00111111111111111111111111]
br_ln43                 (br               ) [ 00000000000000000000000000]
distances_addr          (getelementptr    ) [ 00001000000000000000000000]
zext_ln44               (zext             ) [ 00000000000000000000000000]
add_ln44                (add              ) [ 00000000000000000000000000]
neg2202                 (sub              ) [ 00000000000000000000000000]
neg2202_cast            (sext             ) [ 00000000000000000000000000]
abscond2203             (icmp             ) [ 00000000000000000000000000]
delta_angle_206         (select           ) [ 00000000000000000000000000]
trunc_ln44              (trunc            ) [ 00000000000000000000000000]
icmp_ln45               (icmp             ) [ 00000000000000000000000000]
sub_ln46                (sub              ) [ 00000000000000000000000000]
delta_angle             (select           ) [ 00000100000000000000000000]
distances_load          (load             ) [ 00000000000000000000000000]
sub_ln50                (sub              ) [ 00000110000000000000000000]
sext_ln44               (sext             ) [ 00000010000000000000000000]
tmp_251                 (call             ) [ 00000001000000000000000000]
tmp_252                 (call             ) [ 00000001000000000000000000]
zext_ln50_206           (zext             ) [ 00000000000000000000000000]
zext_ln50_207           (zext             ) [ 00000000000000000000000000]
xf_V                    (add              ) [ 00000000111111111000000000]
p_Val2_s                (call             ) [ 00000000000000000100000000]
zext_ln987              (zext             ) [ 00000000000000000011111000]
euclidean_distance      (sitofp           ) [ 00000000000000000000000110]
bitcast_ln53            (bitcast          ) [ 00000000000000000000000000]
tmp_s                   (partselect       ) [ 00000000000000000000000000]
trunc_ln53              (trunc            ) [ 00000000000000000000000000]
icmp_ln53_206           (icmp             ) [ 00000000000000000000000010]
icmp_ln53_207           (icmp             ) [ 00000000000000000000000010]
or_ln53                 (or               ) [ 00000000000000000000000000]
tmp_696                 (fcmp             ) [ 00000000000000000000000000]
and_ln53                (and              ) [ 00110000000000000000000001]
br_ln53                 (br               ) [ 00000000000000000000000000]
p_load                  (load             ) [ 00000000000000000000000000]
trunc_ln54              (trunc            ) [ 00000000000000000000000000]
add_ln54                (add              ) [ 00000000000000000000000000]
zext_ln54               (zext             ) [ 00000000000000000000000000]
clusters_members_addr   (getelementptr    ) [ 00000000000000000000000000]
store_ln54              (store            ) [ 00000000000000000000000000]
add_ln55                (add              ) [ 00000000000000000000000000]
store_ln56              (store            ) [ 00000000000000000000000000]
store_ln57              (store            ) [ 00000000000000000000000000]
br_ln57                 (br               ) [ 00000000000000000000000000]
store_ln42              (store            ) [ 00000000000000000000000000]
br_ln42                 (br               ) [ 00000000000000000000000000]
</LifeTime>

<model>

<comp_list>
<comp id="0" class="1000" name="grouped">
<pin_list>
<pin id="1" dir="1" index="0" bw="1" slack="0"/>
</pin_list>
<bind>
<StgValue><ssdm name="grouped"/><MemPortTyVec>2 3 </MemPortTyVec>
</StgValue>
</bind>
</comp>

<comp id="2" class="1000" name="distances">
<pin_list>
<pin id="3" dir="1" index="0" bw="1" slack="0"/>
</pin_list>
<bind>
<StgValue><ssdm name="distances"/><MemPortTyVec>1 3 </MemPortTyVec>
</StgValue>
</bind>
</comp>

<comp id="4" class="1000" name="distances_load_206">
<pin_list>
<pin id="5" dir="1" index="0" bw="1" slack="0"/>
</pin_list>
<bind>
<StgValue><ssdm name="distances_load_206"/></StgValue>
</bind>
</comp>

<comp id="6" class="1000" name="mul_ln37_101">
<pin_list>
<pin id="7" dir="1" index="0" bw="1" slack="0"/>
</pin_list>
<bind>
<StgValue><ssdm name="mul_ln37_101"/></StgValue>
</bind>
</comp>

<comp id="8" class="1000" name="clusters_members">
<pin_list>
<pin id="9" dir="1" index="0" bw="1" slack="0"/>
</pin_list>
<bind>
<StgValue><ssdm name="clusters_members"/><MemPortTyVec>0 3 </MemPortTyVec>
</StgValue>
</bind>
</comp>

<comp id="10" class="1000" name="p_out">
<pin_list>
<pin id="11" dir="1" index="0" bw="1" slack="0"/>
</pin_list>
<bind>
<StgValue><ssdm name="p_out"/></StgValue>
</bind>
</comp>

<comp id="12" class="1000" name="log_apfixed_reduce_log_inverse_lut_table_array_V">
<pin_list>
<pin id="13" dir="1" index="0" bw="1" slack="0"/>
</pin_list>
<bind>
<StgValue><ssdm name="log_apfixed_reduce_log_inverse_lut_table_array_V"/><MemPortTyVec>1 </MemPortTyVec>
</StgValue>
</bind>
</comp>

<comp id="14" class="1000" name="log_apfixed_reduce_log0_lut_table_ap_fixed_0_5_64_array_V">
<pin_list>
<pin id="15" dir="1" index="0" bw="1" slack="0"/>
</pin_list>
<bind>
<StgValue><ssdm name="log_apfixed_reduce_log0_lut_table_ap_fixed_0_5_64_array_V"/><MemPortTyVec>1 </MemPortTyVec>
</StgValue>
</bind>
</comp>

<comp id="16" class="1000" name="log_apfixed_reduce_log_lut_table_ap_fixed_4_4_16_array_V">
<pin_list>
<pin id="17" dir="1" index="0" bw="1" slack="0"/>
</pin_list>
<bind>
<StgValue><ssdm name="log_apfixed_reduce_log_lut_table_ap_fixed_4_4_16_array_V"/><MemPortTyVec>1 </MemPortTyVec>
</StgValue>
</bind>
</comp>

<comp id="18" class="1000" name="log_apfixed_reduce_log_lut_table_ap_fixed_7_6_64_array_V">
<pin_list>
<pin id="19" dir="1" index="0" bw="1" slack="0"/>
</pin_list>
<bind>
<StgValue><ssdm name="log_apfixed_reduce_log_lut_table_ap_fixed_7_6_64_array_V"/><MemPortTyVec>1 </MemPortTyVec>
</StgValue>
</bind>
</comp>

<comp id="20" class="1000" name="log_apfixed_reduce_log_lut_table_ap_fixed_12_6_64_array_V">
<pin_list>
<pin id="21" dir="1" index="0" bw="1" slack="0"/>
</pin_list>
<bind>
<StgValue><ssdm name="log_apfixed_reduce_log_lut_table_ap_fixed_12_6_64_array_V"/><MemPortTyVec>1 </MemPortTyVec>
</StgValue>
</bind>
</comp>

<comp id="22" class="1000" name="log_apfixed_reduce_log_lut_table_ap_fixed_17_6_64_array_V">
<pin_list>
<pin id="23" dir="1" index="0" bw="1" slack="0"/>
</pin_list>
<bind>
<StgValue><ssdm name="log_apfixed_reduce_log_lut_table_ap_fixed_17_6_64_array_V"/><MemPortTyVec>1 </MemPortTyVec>
</StgValue>
</bind>
</comp>

<comp id="24" class="1000" name="log_apfixed_reduce_log_lut_table_ap_fixed_22_6_64_array_V">
<pin_list>
<pin id="25" dir="1" index="0" bw="1" slack="0"/>
</pin_list>
<bind>
<StgValue><ssdm name="log_apfixed_reduce_log_lut_table_ap_fixed_22_6_64_array_V"/><MemPortTyVec>1 </MemPortTyVec>
</StgValue>
</bind>
</comp>

<comp id="26" class="1000" name="f_x_msb_4_table_V">
<pin_list>
<pin id="27" dir="1" index="0" bw="1" slack="0"/>
</pin_list>
<bind>
<StgValue><ssdm name="f_x_msb_4_table_V"/><MemPortTyVec>1 </MemPortTyVec>
</StgValue>
</bind>
</comp>

<comp id="28" class="1000" name="f_x_msb_5_table_V">
<pin_list>
<pin id="29" dir="1" index="0" bw="1" slack="0"/>
</pin_list>
<bind>
<StgValue><ssdm name="f_x_msb_5_table_V"/><MemPortTyVec>1 </MemPortTyVec>
</StgValue>
</bind>
</comp>

<comp id="30" class="1000" name="f_x_msb_3_table_V">
<pin_list>
<pin id="31" dir="1" index="0" bw="1" slack="0"/>
</pin_list>
<bind>
<StgValue><ssdm name="f_x_msb_3_table_V"/><MemPortTyVec>1 </MemPortTyVec>
</StgValue>
</bind>
</comp>

<comp id="32" class="1000" name="f_x_msb_2_table_V">
<pin_list>
<pin id="33" dir="1" index="0" bw="1" slack="0"/>
</pin_list>
<bind>
<StgValue><ssdm name="f_x_msb_2_table_V"/><MemPortTyVec>1 </MemPortTyVec>
</StgValue>
</bind>
</comp>

<comp id="34" class="1000" name="exp_x_msb_1_table_V">
<pin_list>
<pin id="35" dir="1" index="0" bw="1" slack="0"/>
</pin_list>
<bind>
<StgValue><ssdm name="exp_x_msb_1_table_V"/><MemPortTyVec>1 </MemPortTyVec>
</StgValue>
</bind>
</comp>

<comp id="36" class="1001" name="const_36">
<pin_list>
<pin id="37" dir="1" index="0" bw="1" slack="0"/>
</pin_list>
<bind>
<StgValue><ssdm name=""/></StgValue>
</bind>
</comp>

<comp id="38" class="1001" name="const_38">
<pin_list>
<pin id="39" dir="1" index="0" bw="1" slack="0"/>
</pin_list>
<bind>
<StgValue><ssdm name="_ssdm_op_Read.ap_auto.i16"/></StgValue>
</bind>
</comp>

<comp id="40" class="1001" name="const_40">
<pin_list>
<pin id="41" dir="1" index="0" bw="1" slack="0"/>
</pin_list>
<bind>
<StgValue><ssdm name="_ssdm_op_Read.ap_auto.i32"/></StgValue>
</bind>
</comp>

<comp id="42" class="1001" name="const_42">
<pin_list>
<pin id="43" dir="1" index="0" bw="1" slack="0"/>
</pin_list>
<bind>
<StgValue><ssdm name=""/></StgValue>
</bind>
</comp>

<comp id="44" class="1001" name="const_44">
<pin_list>
<pin id="45" dir="1" index="0" bw="1" slack="2147483647"/>
</pin_list>
<bind>
<StgValue><ssdm name="_ssdm_op_SpecPipeline"/></StgValue>
</bind>
</comp>

<comp id="46" class="1001" name="const_46">
<pin_list>
<pin id="47" dir="1" index="0" bw="1" slack="2147483647"/>
</pin_list>
<bind>
<StgValue><ssdm name=""/></StgValue>
</bind>
</comp>

<comp id="48" class="1001" name="const_48">
<pin_list>
<pin id="49" dir="1" index="0" bw="1" slack="2147483647"/>
</pin_list>
<bind>
<StgValue><ssdm name=""/></StgValue>
</bind>
</comp>

<comp id="50" class="1001" name="const_50">
<pin_list>
<pin id="51" dir="1" index="0" bw="1" slack="2147483647"/>
</pin_list>
<bind>
<StgValue><ssdm name="p_str"/></StgValue>
</bind>
</comp>

<comp id="52" class="1001" name="const_52">
<pin_list>
<pin id="53" dir="1" index="0" bw="1" slack="0"/>
</pin_list>
<bind>
<StgValue><ssdm name=""/></StgValue>
</bind>
</comp>

<comp id="54" class="1001" name="const_54">
<pin_list>
<pin id="55" dir="1" index="0" bw="1" slack="2147483647"/>
</pin_list>
<bind>
<StgValue><ssdm name="_ssdm_op_SpecLoopTripCount"/></StgValue>
</bind>
</comp>

<comp id="56" class="1001" name="const_56">
<pin_list>
<pin id="57" dir="1" index="0" bw="1" slack="2147483647"/>
</pin_list>
<bind>
<StgValue><ssdm name=""/></StgValue>
</bind>
</comp>

<comp id="58" class="1001" name="const_58">
<pin_list>
<pin id="59" dir="1" index="0" bw="1" slack="0"/>
</pin_list>
<bind>
<StgValue><ssdm name=""/></StgValue>
</bind>
</comp>

<comp id="60" class="1001" name="const_60">
<pin_list>
<pin id="61" dir="1" index="0" bw="1" slack="0"/>
</pin_list>
<bind>
<StgValue><ssdm name=""/></StgValue>
</bind>
</comp>

<comp id="62" class="1001" name="const_62">
<pin_list>
<pin id="63" dir="1" index="0" bw="1" slack="0"/>
</pin_list>
<bind>
<StgValue><ssdm name="_ssdm_op_Write.ap_auto.i32P0A"/></StgValue>
</bind>
</comp>

<comp id="64" class="1001" name="const_64">
<pin_list>
<pin id="65" dir="1" index="0" bw="1" slack="2147483647"/>
</pin_list>
<bind>
<StgValue><ssdm name="_ssdm_op_SpecLoopName"/></StgValue>
</bind>
</comp>

<comp id="66" class="1001" name="const_66">
<pin_list>
<pin id="67" dir="1" index="0" bw="1" slack="2147483647"/>
</pin_list>
<bind>
<StgValue><ssdm name="empty_9"/></StgValue>
</bind>
</comp>

<comp id="68" class="1001" name="const_68">
<pin_list>
<pin id="69" dir="1" index="0" bw="1" slack="0"/>
</pin_list>
<bind>
<StgValue><ssdm name=""/></StgValue>
</bind>
</comp>

<comp id="70" class="1001" name="const_70">
<pin_list>
<pin id="71" dir="1" index="0" bw="1" slack="0"/>
</pin_list>
<bind>
<StgValue><ssdm name=""/></StgValue>
</bind>
</comp>

<comp id="72" class="1001" name="const_72">
<pin_list>
<pin id="73" dir="1" index="0" bw="1" slack="0"/>
</pin_list>
<bind>
<StgValue><ssdm name=""/></StgValue>
</bind>
</comp>

<comp id="74" class="1001" name="const_74">
<pin_list>
<pin id="75" dir="1" index="0" bw="1" slack="0"/>
</pin_list>
<bind>
<StgValue><ssdm name=""/></StgValue>
</bind>
</comp>

<comp id="76" class="1001" name="const_76">
<pin_list>
<pin id="77" dir="1" index="0" bw="1" slack="0"/>
</pin_list>
<bind>
<StgValue><ssdm name="pow"/></StgValue>
</bind>
</comp>

<comp id="78" class="1001" name="const_78">
<pin_list>
<pin id="79" dir="1" index="0" bw="1" slack="0"/>
</pin_list>
<bind>
<StgValue><ssdm name="sqrt_fixed<32, 32>"/></StgValue>
</bind>
</comp>

<comp id="80" class="1001" name="const_80">
<pin_list>
<pin id="81" dir="1" index="0" bw="1" slack="0"/>
</pin_list>
<bind>
<StgValue><ssdm name="_ssdm_op_PartSelect.i8.i32.i32.i32"/></StgValue>
</bind>
</comp>

<comp id="82" class="1001" name="const_82">
<pin_list>
<pin id="83" dir="1" index="0" bw="1" slack="0"/>
</pin_list>
<bind>
<StgValue><ssdm name=""/></StgValue>
</bind>
</comp>

<comp id="84" class="1001" name="const_84">
<pin_list>
<pin id="85" dir="1" index="0" bw="1" slack="0"/>
</pin_list>
<bind>
<StgValue><ssdm name=""/></StgValue>
</bind>
</comp>

<comp id="86" class="1001" name="const_86">
<pin_list>
<pin id="87" dir="1" index="0" bw="1" slack="0"/>
</pin_list>
<bind>
<StgValue><ssdm name=""/></StgValue>
</bind>
</comp>

<comp id="88" class="1001" name="const_88">
<pin_list>
<pin id="89" dir="1" index="0" bw="1" slack="0"/>
</pin_list>
<bind>
<StgValue><ssdm name=""/></StgValue>
</bind>
</comp>

<comp id="90" class="1001" name="const_90">
<pin_list>
<pin id="91" dir="1" index="0" bw="1" slack="0"/>
</pin_list>
<bind>
<StgValue><ssdm name=""/></StgValue>
</bind>
</comp>

<comp id="92" class="1001" name="const_92">
<pin_list>
<pin id="93" dir="1" index="0" bw="1" slack="0"/>
</pin_list>
<bind>
<StgValue><ssdm name=""/></StgValue>
</bind>
</comp>

<comp id="94" class="1004" name="candidate_fu_94">
<pin_list>
<pin id="95" dir="0" index="0" bw="1" slack="0"/>
<pin id="96" dir="1" index="1" bw="9" slack="0"/>
</pin_list>
<bind>
<opcode="alloca(26) " fcode="alloca"/>
<opset="candidate/1 "/>
</bind>
</comp>

<comp id="98" class="1004" name="empty_fu_98">
<pin_list>
<pin id="99" dir="0" index="0" bw="1" slack="0"/>
<pin id="100" dir="1" index="1" bw="32" slack="0"/>
</pin_list>
<bind>
<opcode="alloca(26) " fcode="alloca"/>
<opset="empty/1 "/>
</bind>
</comp>

<comp id="102" class="1004" name="mul_ln37_101_read_read_fu_102">
<pin_list>
<pin id="103" dir="0" index="0" bw="16" slack="0"/>
<pin id="104" dir="0" index="1" bw="16" slack="0"/>
<pin id="105" dir="1" index="2" bw="16" slack="0"/>
</pin_list>
<bind>
<opcode="read(1150) " fcode="read"/>
<opset="mul_ln37_101_read/1 "/>
</bind>
</comp>

<comp id="108" class="1004" name="distances_load_206_read_read_fu_108">
<pin_list>
<pin id="109" dir="0" index="0" bw="32" slack="0"/>
<pin id="110" dir="0" index="1" bw="32" slack="0"/>
<pin id="111" dir="1" index="2" bw="32" slack="3"/>
</pin_list>
<bind>
<opcode="read(1150) " fcode="read"/>
<opset="distances_load_206_read/1 "/>
</bind>
</comp>

<comp id="114" class="1004" name="write_ln0_write_fu_114">
<pin_list>
<pin id="115" dir="0" index="0" bw="0" slack="0"/>
<pin id="116" dir="0" index="1" bw="32" slack="0"/>
<pin id="117" dir="0" index="2" bw="32" slack="0"/>
<pin id="118" dir="1" index="3" bw="0" slack="2147483647"/>
</pin_list>
<bind>
<opcode="write(1151) " fcode="write"/>
<opset="write_ln0/2 "/>
</bind>
</comp>

<comp id="121" class="1004" name="grouped_addr_gep_fu_121">
<pin_list>
<pin id="122" dir="0" index="0" bw="1" slack="0"/>
<pin id="123" dir="0" index="1" bw="1" slack="0"/>
<pin id="124" dir="0" index="2" bw="9" slack="0"/>
<pin id="125" dir="1" index="3" bw="9" slack="0"/>
</pin_list>
<bind>
<opcode="getelementptr(29) " fcode="getelementptr"/>
<opset="grouped_addr/2 "/>
</bind>
</comp>

<comp id="128" class="1004" name="grp_access_fu_128">
<pin_list>
<pin id="129" dir="0" index="0" bw="9" slack="0"/>
<pin id="130" dir="0" index="1" bw="1" slack="0"/>
<pin id="131" dir="0" index="2" bw="0" slack="2147483647"/>
<pin id="132" dir="1" index="3" bw="1" slack="0"/>
</pin_list>
<bind>
<opcode="load(27) store(28) " fcode="store"/>
<opset="grouped_load/2 store_ln56/25 "/>
</bind>
</comp>

<comp id="134" class="1004" name="distances_addr_gep_fu_134">
<pin_list>
<pin id="135" dir="0" index="0" bw="32" slack="0"/>
<pin id="136" dir="0" index="1" bw="1" slack="0"/>
<pin id="137" dir="0" index="2" bw="9" slack="1"/>
<pin id="138" dir="1" index="3" bw="9" slack="0"/>
</pin_list>
<bind>
<opcode="getelementptr(29) " fcode="getelementptr"/>
<opset="distances_addr/3 "/>
</bind>
</comp>

<comp id="141" class="1004" name="grp_access_fu_141">
<pin_list>
<pin id="142" dir="0" index="0" bw="9" slack="0"/>
<pin id="143" dir="0" index="1" bw="32" slack="2147483647"/>
<pin id="144" dir="0" index="2" bw="0" slack="2147483647"/>
<pin id="145" dir="1" index="3" bw="32" slack="0"/>
</pin_list>
<bind>
<opcode="load(27) " fcode="load"/>
<opset="distances_load/3 "/>
</bind>
</comp>

<comp id="147" class="1004" name="clusters_members_addr_gep_fu_147">
<pin_list>
<pin id="148" dir="0" index="0" bw="9" slack="0"/>
<pin id="149" dir="0" index="1" bw="1" slack="0"/>
<pin id="150" dir="0" index="2" bw="17" slack="0"/>
<pin id="151" dir="1" index="3" bw="17" slack="0"/>
</pin_list>
<bind>
<opcode="getelementptr(29) " fcode="getelementptr"/>
<opset="clusters_members_addr/25 "/>
</bind>
</comp>

<comp id="154" class="1004" name="store_ln54_access_fu_154">
<pin_list>
<pin id="155" dir="0" index="0" bw="17" slack="0"/>
<pin id="156" dir="0" index="1" bw="9" slack="2147483647"/>
<pin id="157" dir="0" index="2" bw="0" slack="2147483647"/>
<pin id="158" dir="1" index="3" bw="9" slack="2147483647"/>
</pin_list>
<bind>
<opcode="store(28) " fcode="store"/>
<opset="store_ln54/25 "/>
</bind>
</comp>

<comp id="161" class="1004" name="grp_pow_fu_161">
<pin_list>
<pin id="162" dir="0" index="0" bw="31" slack="0"/>
<pin id="163" dir="0" index="1" bw="9" slack="0"/>
<pin id="164" dir="0" index="2" bw="6" slack="0"/>
<pin id="165" dir="0" index="3" bw="82" slack="0"/>
<pin id="166" dir="0" index="4" bw="78" slack="0"/>
<pin id="167" dir="0" index="5" bw="75" slack="0"/>
<pin id="168" dir="0" index="6" bw="70" slack="0"/>
<pin id="169" dir="0" index="7" bw="65" slack="0"/>
<pin id="170" dir="0" index="8" bw="60" slack="0"/>
<pin id="171" dir="0" index="9" bw="32" slack="0"/>
<pin id="172" dir="0" index="10" bw="16" slack="0"/>
<pin id="173" dir="0" index="11" bw="51" slack="0"/>
<pin id="174" dir="0" index="12" bw="64" slack="0"/>
<pin id="175" dir="0" index="13" bw="68" slack="0"/>
<pin id="176" dir="1" index="14" bw="31" slack="1"/>
</pin_list>
<bind>
<opcode="call(48) " fcode="call"/>
<opset="tmp_251/5 "/>
</bind>
</comp>

<comp id="190" class="1004" name="grp_pow_fu_190">
<pin_list>
<pin id="191" dir="0" index="0" bw="31" slack="0"/>
<pin id="192" dir="0" index="1" bw="32" slack="1"/>
<pin id="193" dir="0" index="2" bw="6" slack="0"/>
<pin id="194" dir="0" index="3" bw="82" slack="0"/>
<pin id="195" dir="0" index="4" bw="78" slack="0"/>
<pin id="196" dir="0" index="5" bw="75" slack="0"/>
<pin id="197" dir="0" index="6" bw="70" slack="0"/>
<pin id="198" dir="0" index="7" bw="65" slack="0"/>
<pin id="199" dir="0" index="8" bw="60" slack="0"/>
<pin id="200" dir="0" index="9" bw="32" slack="0"/>
<pin id="201" dir="0" index="10" bw="16" slack="0"/>
<pin id="202" dir="0" index="11" bw="51" slack="0"/>
<pin id="203" dir="0" index="12" bw="64" slack="0"/>
<pin id="204" dir="0" index="13" bw="68" slack="0"/>
<pin id="205" dir="1" index="14" bw="31" slack="1"/>
</pin_list>
<bind>
<opcode="call(48) " fcode="call"/>
<opset="tmp_252/5 "/>
</bind>
</comp>

<comp id="219" class="1004" name="grp_sqrt_fixed_32_32_s_fu_219">
<pin_list>
<pin id="220" dir="0" index="0" bw="16" slack="0"/>
<pin id="221" dir="0" index="1" bw="32" slack="1"/>
<pin id="222" dir="1" index="2" bw="16" slack="1"/>
</pin_list>
<bind>
<opcode="call(48) " fcode="call"/>
<opset="p_Val2_s/8 "/>
</bind>
</comp>

<comp id="224" class="1004" name="grp_fu_224">
<pin_list>
<pin id="225" dir="0" index="0" bw="16" slack="0"/>
<pin id="226" dir="1" index="1" bw="32" slack="1"/>
</pin_list>
<bind>
<opcode="sitofp(39) " fcode="sitofp"/>
<opset="euclidean_distance/17 "/>
</bind>
</comp>

<comp id="227" class="1004" name="grp_fu_227">
<pin_list>
<pin id="228" dir="0" index="0" bw="32" slack="1"/>
<pin id="229" dir="0" index="1" bw="32" slack="0"/>
<pin id="230" dir="1" index="2" bw="1" slack="0"/>
</pin_list>
<bind>
<opcode="fcmp(46) " fcode="fcmp"/>
<opset="tmp_696/23 "/>
</bind>
</comp>

<comp id="232" class="1004" name="grp_load_fu_232">
<pin_list>
<pin id="233" dir="0" index="0" bw="32" slack="1"/>
<pin id="234" dir="1" index="1" bw="32" slack="0"/>
</pin_list>
<bind>
<opcode="load(27) " fcode="load"/>
<opset="p_load8/2 p_load/25 "/>
</bind>
</comp>

<comp id="236" class="1004" name="mul_ln37_101_cast_fu_236">
<pin_list>
<pin id="237" dir="0" index="0" bw="16" slack="0"/>
<pin id="238" dir="1" index="1" bw="17" slack="24"/>
</pin_list>
<bind>
<opcode="zext(34) " fcode="zext"/>
<opset="mul_ln37_101_cast/1 "/>
</bind>
</comp>

<comp id="240" class="1004" name="store_ln0_store_fu_240">
<pin_list>
<pin id="241" dir="0" index="0" bw="1" slack="0"/>
<pin id="242" dir="0" index="1" bw="32" slack="0"/>
<pin id="243" dir="1" index="2" bw="0" slack="2147483647"/>
</pin_list>
<bind>
<opcode="store(28) " fcode="store"/>
<opset="store_ln0/1 "/>
</bind>
</comp>

<comp id="245" class="1004" name="store_ln0_store_fu_245">
<pin_list>
<pin id="246" dir="0" index="0" bw="1" slack="0"/>
<pin id="247" dir="0" index="1" bw="9" slack="0"/>
<pin id="248" dir="1" index="2" bw="0" slack="2147483647"/>
</pin_list>
<bind>
<opcode="store(28) " fcode="store"/>
<opset="store_ln0/1 "/>
</bind>
</comp>

<comp id="250" class="1004" name="candidate_353_load_fu_250">
<pin_list>
<pin id="251" dir="0" index="0" bw="9" slack="1"/>
<pin id="252" dir="1" index="1" bw="9" slack="0"/>
</pin_list>
<bind>
<opcode="load(27) " fcode="load"/>
<opset="candidate_353/2 "/>
</bind>
</comp>

<comp id="253" class="1004" name="icmp_ln42_fu_253">
<pin_list>
<pin id="254" dir="0" index="0" bw="9" slack="0"/>
<pin id="255" dir="0" index="1" bw="9" slack="0"/>
<pin id="256" dir="1" index="2" bw="1" slack="2147483647"/>
</pin_list>
<bind>
<opcode="icmp(45) " fcode="icmp"/>
<opset="icmp_ln42/2 "/>
</bind>
</comp>

<comp id="259" class="1004" name="add_ln42_fu_259">
<pin_list>
<pin id="260" dir="0" index="0" bw="9" slack="0"/>
<pin id="261" dir="0" index="1" bw="1" slack="0"/>
<pin id="262" dir="1" index="2" bw="9" slack="23"/>
</pin_list>
<bind>
<opcode="add(8) " fcode="add"/>
<opset="add_ln42/2 "/>
</bind>
</comp>

<comp id="265" class="1004" name="trunc_ln44_102_cast299_fu_265">
<pin_list>
<pin id="266" dir="0" index="0" bw="9" slack="0"/>
<pin id="267" dir="1" index="1" bw="64" slack="0"/>
</pin_list>
<bind>
<opcode="zext(34) " fcode="zext"/>
<opset="trunc_ln44_102_cast299/2 "/>
</bind>
</comp>

<comp id="270" class="1004" name="icmp_ln43_fu_270">
<pin_list>
<pin id="271" dir="0" index="0" bw="9" slack="2147483647"/>
<pin id="272" dir="0" index="1" bw="8" slack="0"/>
<pin id="273" dir="1" index="2" bw="1" slack="0"/>
</pin_list>
<bind>
<opcode="icmp(45) " fcode="icmp"/>
<opset="icmp_ln43/3 "/>
</bind>
</comp>

<comp id="275" class="1004" name="or_ln43_fu_275">
<pin_list>
<pin id="276" dir="0" index="0" bw="1" slack="0"/>
<pin id="277" dir="0" index="1" bw="1" slack="0"/>
<pin id="278" dir="1" index="2" bw="1" slack="22"/>
</pin_list>
<bind>
<opcode="or(24) " fcode="or"/>
<opset="or_ln43/3 "/>
</bind>
</comp>

<comp id="281" class="1004" name="zext_ln44_fu_281">
<pin_list>
<pin id="282" dir="0" index="0" bw="9" slack="2147483647"/>
<pin id="283" dir="1" index="1" bw="10" slack="0"/>
</pin_list>
<bind>
<opcode="zext(34) " fcode="zext"/>
<opset="zext_ln44/4 "/>
</bind>
</comp>

<comp id="284" class="1004" name="add_ln44_fu_284">
<pin_list>
<pin id="285" dir="0" index="0" bw="9" slack="0"/>
<pin id="286" dir="0" index="1" bw="8" slack="0"/>
<pin id="287" dir="1" index="2" bw="10" slack="0"/>
</pin_list>
<bind>
<opcode="add(8) " fcode="add"/>
<opset="add_ln44/4 "/>
</bind>
</comp>

<comp id="290" class="1004" name="neg2202_fu_290">
<pin_list>
<pin id="291" dir="0" index="0" bw="8" slack="0"/>
<pin id="292" dir="0" index="1" bw="9" slack="2147483647"/>
<pin id="293" dir="1" index="2" bw="9" slack="0"/>
</pin_list>
<bind>
<opcode="sub(10) " fcode="sub"/>
<opset="neg2202/4 "/>
</bind>
</comp>

<comp id="295" class="1004" name="neg2202_cast_fu_295">
<pin_list>
<pin id="296" dir="0" index="0" bw="9" slack="0"/>
<pin id="297" dir="1" index="1" bw="10" slack="0"/>
</pin_list>
<bind>
<opcode="sext(35) " fcode="sext"/>
<opset="neg2202_cast/4 "/>
</bind>
</comp>

<comp id="299" class="1004" name="abscond2203_fu_299">
<pin_list>
<pin id="300" dir="0" index="0" bw="10" slack="0"/>
<pin id="301" dir="0" index="1" bw="1" slack="0"/>
<pin id="302" dir="1" index="2" bw="1" slack="0"/>
</pin_list>
<bind>
<opcode="icmp(45) " fcode="icmp"/>
<opset="abscond2203/4 "/>
</bind>
</comp>

<comp id="305" class="1004" name="delta_angle_206_fu_305">
<pin_list>
<pin id="306" dir="0" index="0" bw="1" slack="0"/>
<pin id="307" dir="0" index="1" bw="10" slack="0"/>
<pin id="308" dir="0" index="2" bw="9" slack="0"/>
<pin id="309" dir="1" index="3" bw="10" slack="0"/>
</pin_list>
<bind>
<opcode="select(49) " fcode="select"/>
<opset="delta_angle_206/4 "/>
</bind>
</comp>

<comp id="313" class="1004" name="trunc_ln44_fu_313">
<pin_list>
<pin id="314" dir="0" index="0" bw="10" slack="0"/>
<pin id="315" dir="1" index="1" bw="9" slack="0"/>
</pin_list>
<bind>
<opcode="trunc(33) " fcode="trunc"/>
<opset="trunc_ln44/4 "/>
</bind>
</comp>

<comp id="317" class="1004" name="icmp_ln45_fu_317">
<pin_list>
<pin id="318" dir="0" index="0" bw="10" slack="0"/>
<pin id="319" dir="0" index="1" bw="9" slack="0"/>
<pin id="320" dir="1" index="2" bw="1" slack="0"/>
</pin_list>
<bind>
<opcode="icmp(45) " fcode="icmp"/>
<opset="icmp_ln45/4 "/>
</bind>
</comp>

<comp id="323" class="1004" name="sub_ln46_fu_323">
<pin_list>
<pin id="324" dir="0" index="0" bw="9" slack="0"/>
<pin id="325" dir="0" index="1" bw="9" slack="0"/>
<pin id="326" dir="1" index="2" bw="9" slack="0"/>
</pin_list>
<bind>
<opcode="sub(10) " fcode="sub"/>
<opset="sub_ln46/4 "/>
</bind>
</comp>

<comp id="329" class="1004" name="delta_angle_fu_329">
<pin_list>
<pin id="330" dir="0" index="0" bw="1" slack="0"/>
<pin id="331" dir="0" index="1" bw="9" slack="0"/>
<pin id="332" dir="0" index="2" bw="9" slack="0"/>
<pin id="333" dir="1" index="3" bw="9" slack="1"/>
</pin_list>
<bind>
<opcode="select(49) " fcode="select"/>
<opset="delta_angle/4 "/>
</bind>
</comp>

<comp id="337" class="1004" name="sub_ln50_fu_337">
<pin_list>
<pin id="338" dir="0" index="0" bw="32" slack="3"/>
<pin id="339" dir="0" index="1" bw="32" slack="0"/>
<pin id="340" dir="1" index="2" bw="32" slack="1"/>
</pin_list>
<bind>
<opcode="sub(10) " fcode="sub"/>
<opset="sub_ln50/4 "/>
</bind>
</comp>

<comp id="342" class="1004" name="sext_ln44_fu_342">
<pin_list>
<pin id="343" dir="0" index="0" bw="9" slack="1"/>
<pin id="344" dir="1" index="1" bw="32" slack="0"/>
</pin_list>
<bind>
<opcode="sext(35) " fcode="sext"/>
<opset="sext_ln44/5 "/>
</bind>
</comp>

<comp id="346" class="1004" name="zext_ln50_206_fu_346">
<pin_list>
<pin id="347" dir="0" index="0" bw="31" slack="1"/>
<pin id="348" dir="1" index="1" bw="32" slack="0"/>
</pin_list>
<bind>
<opcode="zext(34) " fcode="zext"/>
<opset="zext_ln50_206/7 "/>
</bind>
</comp>

<comp id="349" class="1004" name="zext_ln50_207_fu_349">
<pin_list>
<pin id="350" dir="0" index="0" bw="31" slack="1"/>
<pin id="351" dir="1" index="1" bw="32" slack="0"/>
</pin_list>
<bind>
<opcode="zext(34) " fcode="zext"/>
<opset="zext_ln50_207/7 "/>
</bind>
</comp>

<comp id="352" class="1004" name="xf_V_fu_352">
<pin_list>
<pin id="353" dir="0" index="0" bw="31" slack="0"/>
<pin id="354" dir="0" index="1" bw="31" slack="0"/>
<pin id="355" dir="1" index="2" bw="32" slack="1"/>
</pin_list>
<bind>
<opcode="add(8) " fcode="add"/>
<opset="xf_V/7 "/>
</bind>
</comp>

<comp id="358" class="1004" name="zext_ln987_fu_358">
<pin_list>
<pin id="359" dir="0" index="0" bw="16" slack="1"/>
<pin id="360" dir="1" index="1" bw="32" slack="0"/>
</pin_list>
<bind>
<opcode="zext(34) " fcode="zext"/>
<opset="zext_ln987/17 "/>
</bind>
</comp>

<comp id="362" class="1004" name="bitcast_ln53_fu_362">
<pin_list>
<pin id="363" dir="0" index="0" bw="32" slack="1"/>
<pin id="364" dir="1" index="1" bw="32" slack="0"/>
</pin_list>
<bind>
<opcode="bitcast(44) " fcode="bitcast"/>
<opset="bitcast_ln53/23 "/>
</bind>
</comp>

<comp id="365" class="1004" name="tmp_s_fu_365">
<pin_list>
<pin id="366" dir="0" index="0" bw="8" slack="0"/>
<pin id="367" dir="0" index="1" bw="32" slack="0"/>
<pin id="368" dir="0" index="2" bw="6" slack="0"/>
<pin id="369" dir="0" index="3" bw="6" slack="0"/>
<pin id="370" dir="1" index="4" bw="8" slack="0"/>
</pin_list>
<bind>
<opcode="partselect(1002) " fcode="partselect"/>
<opset="tmp_s/23 "/>
</bind>
</comp>

<comp id="375" class="1004" name="trunc_ln53_fu_375">
<pin_list>
<pin id="376" dir="0" index="0" bw="32" slack="0"/>
<pin id="377" dir="1" index="1" bw="23" slack="0"/>
</pin_list>
<bind>
<opcode="trunc(33) " fcode="trunc"/>
<opset="trunc_ln53/23 "/>
</bind>
</comp>

<comp id="379" class="1004" name="icmp_ln53_206_fu_379">
<pin_list>
<pin id="380" dir="0" index="0" bw="8" slack="0"/>
<pin id="381" dir="0" index="1" bw="1" slack="0"/>
<pin id="382" dir="1" index="2" bw="1" slack="1"/>
</pin_list>
<bind>
<opcode="icmp(45) " fcode="icmp"/>
<opset="icmp_ln53_206/23 "/>
</bind>
</comp>

<comp id="385" class="1004" name="icmp_ln53_207_fu_385">
<pin_list>
<pin id="386" dir="0" index="0" bw="23" slack="0"/>
<pin id="387" dir="0" index="1" bw="1" slack="0"/>
<pin id="388" dir="1" index="2" bw="1" slack="1"/>
</pin_list>
<bind>
<opcode="icmp(45) " fcode="icmp"/>
<opset="icmp_ln53_207/23 "/>
</bind>
</comp>

<comp id="391" class="1004" name="or_ln53_fu_391">
<pin_list>
<pin id="392" dir="0" index="0" bw="1" slack="1"/>
<pin id="393" dir="0" index="1" bw="1" slack="1"/>
<pin id="394" dir="1" index="2" bw="1" slack="0"/>
</pin_list>
<bind>
<opcode="or(24) " fcode="or"/>
<opset="or_ln53/24 "/>
</bind>
</comp>

<comp id="395" class="1004" name="and_ln53_fu_395">
<pin_list>
<pin id="396" dir="0" index="0" bw="1" slack="0"/>
<pin id="397" dir="0" index="1" bw="1" slack="0"/>
<pin id="398" dir="1" index="2" bw="1" slack="1"/>
</pin_list>
<bind>
<opcode="and(23) " fcode="and"/>
<opset="and_ln53/24 "/>
</bind>
</comp>

<comp id="401" class="1004" name="trunc_ln54_fu_401">
<pin_list>
<pin id="402" dir="0" index="0" bw="32" slack="0"/>
<pin id="403" dir="1" index="1" bw="17" slack="0"/>
</pin_list>
<bind>
<opcode="trunc(33) " fcode="trunc"/>
<opset="trunc_ln54/25 "/>
</bind>
</comp>

<comp id="405" class="1004" name="add_ln54_fu_405">
<pin_list>
<pin id="406" dir="0" index="0" bw="16" slack="24"/>
<pin id="407" dir="0" index="1" bw="17" slack="0"/>
<pin id="408" dir="1" index="2" bw="17" slack="0"/>
</pin_list>
<bind>
<opcode="add(8) " fcode="add"/>
<opset="add_ln54/25 "/>
</bind>
</comp>

<comp id="410" class="1004" name="zext_ln54_fu_410">
<pin_list>
<pin id="411" dir="0" index="0" bw="17" slack="0"/>
<pin id="412" dir="1" index="1" bw="64" slack="0"/>
</pin_list>
<bind>
<opcode="zext(34) " fcode="zext"/>
<opset="zext_ln54/25 "/>
</bind>
</comp>

<comp id="415" class="1004" name="add_ln55_fu_415">
<pin_list>
<pin id="416" dir="0" index="0" bw="32" slack="0"/>
<pin id="417" dir="0" index="1" bw="1" slack="0"/>
<pin id="418" dir="1" index="2" bw="32" slack="0"/>
</pin_list>
<bind>
<opcode="add(8) " fcode="add"/>
<opset="add_ln55/25 "/>
</bind>
</comp>

<comp id="421" class="1004" name="store_ln57_store_fu_421">
<pin_list>
<pin id="422" dir="0" index="0" bw="32" slack="0"/>
<pin id="423" dir="0" index="1" bw="32" slack="24"/>
<pin id="424" dir="1" index="2" bw="0" slack="2147483647"/>
</pin_list>
<bind>
<opcode="store(28) " fcode="store"/>
<opset="store_ln57/25 "/>
</bind>
</comp>

<comp id="426" class="1004" name="store_ln42_store_fu_426">
<pin_list>
<pin id="427" dir="0" index="0" bw="9" slack="23"/>
<pin id="428" dir="0" index="1" bw="9" slack="24"/>
<pin id="429" dir="1" index="2" bw="0" slack="2147483647"/>
</pin_list>
<bind>
<opcode="store(28) " fcode="store"/>
<opset="store_ln42/25 "/>
</bind>
</comp>

<comp id="430" class="1005" name="candidate_reg_430">
<pin_list>
<pin id="431" dir="0" index="0" bw="9" slack="0"/>
<pin id="432" dir="1" index="1" bw="9" slack="0"/>
</pin_list>
<bind>
<opset="candidate "/>
</bind>
</comp>

<comp id="437" class="1005" name="empty_reg_437">
<pin_list>
<pin id="438" dir="0" index="0" bw="32" slack="0"/>
<pin id="439" dir="1" index="1" bw="32" slack="0"/>
</pin_list>
<bind>
<opset="empty "/>
</bind>
</comp>

<comp id="444" class="1005" name="distances_load_206_read_reg_444">
<pin_list>
<pin id="445" dir="0" index="0" bw="32" slack="3"/>
<pin id="446" dir="1" index="1" bw="32" slack="3"/>
</pin_list>
<bind>
<opset="distances_load_206_read "/>
</bind>
</comp>

<comp id="449" class="1005" name="mul_ln37_101_cast_reg_449">
<pin_list>
<pin id="450" dir="0" index="0" bw="17" slack="24"/>
<pin id="451" dir="1" index="1" bw="17" slack="24"/>
</pin_list>
<bind>
<opset="mul_ln37_101_cast "/>
</bind>
</comp>

<comp id="460" class="1005" name="add_ln42_reg_460">
<pin_list>
<pin id="461" dir="0" index="0" bw="9" slack="23"/>
<pin id="462" dir="1" index="1" bw="9" slack="23"/>
</pin_list>
<bind>
<opset="add_ln42 "/>
</bind>
</comp>

<comp id="465" class="1005" name="trunc_ln44_102_cast299_reg_465">
<pin_list>
<pin id="466" dir="0" index="0" bw="64" slack="1"/>
<pin id="467" dir="1" index="1" bw="64" slack="1"/>
</pin_list>
<bind>
<opset="trunc_ln44_102_cast299 "/>
</bind>
</comp>

<comp id="470" class="1005" name="grouped_addr_reg_470">
<pin_list>
<pin id="471" dir="0" index="0" bw="9" slack="1"/>
<pin id="472" dir="1" index="1" bw="9" slack="1"/>
</pin_list>
<bind>
<opset="grouped_addr "/>
</bind>
</comp>

<comp id="475" class="1005" name="or_ln43_reg_475">
<pin_list>
<pin id="476" dir="0" index="0" bw="1" slack="22"/>
<pin id="477" dir="1" index="1" bw="1" slack="2147483647"/>
</pin_list>
<bind>
<opset="or_ln43 "/>
</bind>
</comp>

<comp id="479" class="1005" name="distances_addr_reg_479">
<pin_list>
<pin id="480" dir="0" index="0" bw="9" slack="1"/>
<pin id="481" dir="1" index="1" bw="9" slack="1"/>
</pin_list>
<bind>
<opset="distances_addr "/>
</bind>
</comp>

<comp id="484" class="1005" name="delta_angle_reg_484">
<pin_list>
<pin id="485" dir="0" index="0" bw="9" slack="1"/>
<pin id="486" dir="1" index="1" bw="9" slack="1"/>
</pin_list>
<bind>
<opset="delta_angle "/>
</bind>
</comp>

<comp id="489" class="1005" name="sub_ln50_reg_489">
<pin_list>
<pin id="490" dir="0" index="0" bw="32" slack="1"/>
<pin id="491" dir="1" index="1" bw="32" slack="1"/>
</pin_list>
<bind>
<opset="sub_ln50 "/>
</bind>
</comp>

<comp id="494" class="1005" name="sext_ln44_reg_494">
<pin_list>
<pin id="495" dir="0" index="0" bw="32" slack="1"/>
<pin id="496" dir="1" index="1" bw="32" slack="1"/>
</pin_list>
<bind>
<opset="sext_ln44 "/>
</bind>
</comp>

<comp id="499" class="1005" name="tmp_251_reg_499">
<pin_list>
<pin id="500" dir="0" index="0" bw="31" slack="1"/>
<pin id="501" dir="1" index="1" bw="31" slack="1"/>
</pin_list>
<bind>
<opset="tmp_251 "/>
</bind>
</comp>

<comp id="504" class="1005" name="tmp_252_reg_504">
<pin_list>
<pin id="505" dir="0" index="0" bw="31" slack="1"/>
<pin id="506" dir="1" index="1" bw="31" slack="1"/>
</pin_list>
<bind>
<opset="tmp_252 "/>
</bind>
</comp>

<comp id="509" class="1005" name="xf_V_reg_509">
<pin_list>
<pin id="510" dir="0" index="0" bw="32" slack="1"/>
<pin id="511" dir="1" index="1" bw="32" slack="1"/>
</pin_list>
<bind>
<opset="xf_V "/>
</bind>
</comp>

<comp id="514" class="1005" name="p_Val2_s_reg_514">
<pin_list>
<pin id="515" dir="0" index="0" bw="16" slack="1"/>
<pin id="516" dir="1" index="1" bw="16" slack="1"/>
</pin_list>
<bind>
<opset="p_Val2_s "/>
</bind>
</comp>

<comp id="519" class="1005" name="zext_ln987_reg_519">
<pin_list>
<pin id="520" dir="0" index="0" bw="32" slack="1"/>
<pin id="521" dir="1" index="1" bw="32" slack="1"/>
</pin_list>
<bind>
<opset="zext_ln987 "/>
</bind>
</comp>

<comp id="524" class="1005" name="euclidean_distance_reg_524">
<pin_list>
<pin id="525" dir="0" index="0" bw="32" slack="1"/>
<pin id="526" dir="1" index="1" bw="32" slack="1"/>
</pin_list>
<bind>
<opset="euclidean_distance "/>
</bind>
</comp>

<comp id="530" class="1005" name="icmp_ln53_206_reg_530">
<pin_list>
<pin id="531" dir="0" index="0" bw="1" slack="1"/>
<pin id="532" dir="1" index="1" bw="1" slack="1"/>
</pin_list>
<bind>
<opset="icmp_ln53_206 "/>
</bind>
</comp>

<comp id="535" class="1005" name="icmp_ln53_207_reg_535">
<pin_list>
<pin id="536" dir="0" index="0" bw="1" slack="1"/>
<pin id="537" dir="1" index="1" bw="1" slack="1"/>
</pin_list>
<bind>
<opset="icmp_ln53_207 "/>
</bind>
</comp>

<comp id="540" class="1005" name="and_ln53_reg_540">
<pin_list>
<pin id="541" dir="0" index="0" bw="1" slack="1"/>
<pin id="542" dir="1" index="1" bw="1" slack="2147483647"/>
</pin_list>
<bind>
<opset="and_ln53 "/>
</bind>
</comp>

</comp_list>

<net_list>
<net id="97"><net_src comp="36" pin="0"/><net_sink comp="94" pin=0"/></net>

<net id="101"><net_src comp="36" pin="0"/><net_sink comp="98" pin=0"/></net>

<net id="106"><net_src comp="38" pin="0"/><net_sink comp="102" pin=0"/></net>

<net id="107"><net_src comp="6" pin="0"/><net_sink comp="102" pin=1"/></net>

<net id="112"><net_src comp="40" pin="0"/><net_sink comp="108" pin=0"/></net>

<net id="113"><net_src comp="4" pin="0"/><net_sink comp="108" pin=1"/></net>

<net id="119"><net_src comp="62" pin="0"/><net_sink comp="114" pin=0"/></net>

<net id="120"><net_src comp="10" pin="0"/><net_sink comp="114" pin=1"/></net>

<net id="126"><net_src comp="0" pin="0"/><net_sink comp="121" pin=0"/></net>

<net id="127"><net_src comp="60" pin="0"/><net_sink comp="121" pin=1"/></net>

<net id="133"><net_src comp="121" pin="3"/><net_sink comp="128" pin=0"/></net>

<net id="139"><net_src comp="2" pin="0"/><net_sink comp="134" pin=0"/></net>

<net id="140"><net_src comp="60" pin="0"/><net_sink comp="134" pin=1"/></net>

<net id="146"><net_src comp="134" pin="3"/><net_sink comp="141" pin=0"/></net>

<net id="152"><net_src comp="8" pin="0"/><net_sink comp="147" pin=0"/></net>

<net id="153"><net_src comp="60" pin="0"/><net_sink comp="147" pin=1"/></net>

<net id="159"><net_src comp="147" pin="3"/><net_sink comp="154" pin=0"/></net>

<net id="160"><net_src comp="92" pin="0"/><net_sink comp="128" pin=1"/></net>

<net id="177"><net_src comp="76" pin="0"/><net_sink comp="161" pin=0"/></net>

<net id="178"><net_src comp="12" pin="0"/><net_sink comp="161" pin=2"/></net>

<net id="179"><net_src comp="14" pin="0"/><net_sink comp="161" pin=3"/></net>

<net id="180"><net_src comp="16" pin="0"/><net_sink comp="161" pin=4"/></net>

<net id="181"><net_src comp="18" pin="0"/><net_sink comp="161" pin=5"/></net>

<net id="182"><net_src comp="20" pin="0"/><net_sink comp="161" pin=6"/></net>

<net id="183"><net_src comp="22" pin="0"/><net_sink comp="161" pin=7"/></net>

<net id="184"><net_src comp="24" pin="0"/><net_sink comp="161" pin=8"/></net>

<net id="185"><net_src comp="26" pin="0"/><net_sink comp="161" pin=9"/></net>

<net id="186"><net_src comp="28" pin="0"/><net_sink comp="161" pin=10"/></net>

<net id="187"><net_src comp="30" pin="0"/><net_sink comp="161" pin=11"/></net>

<net id="188"><net_src comp="32" pin="0"/><net_sink comp="161" pin=12"/></net>

<net id="189"><net_src comp="34" pin="0"/><net_sink comp="161" pin=13"/></net>

<net id="206"><net_src comp="76" pin="0"/><net_sink comp="190" pin=0"/></net>

<net id="207"><net_src comp="12" pin="0"/><net_sink comp="190" pin=2"/></net>

<net id="208"><net_src comp="14" pin="0"/><net_sink comp="190" pin=3"/></net>

<net id="209"><net_src comp="16" pin="0"/><net_sink comp="190" pin=4"/></net>

<net id="210"><net_src comp="18" pin="0"/><net_sink comp="190" pin=5"/></net>

<net id="211"><net_src comp="20" pin="0"/><net_sink comp="190" pin=6"/></net>

<net id="212"><net_src comp="22" pin="0"/><net_sink comp="190" pin=7"/></net>

<net id="213"><net_src comp="24" pin="0"/><net_sink comp="190" pin=8"/></net>

<net id="214"><net_src comp="26" pin="0"/><net_sink comp="190" pin=9"/></net>

<net id="215"><net_src comp="28" pin="0"/><net_sink comp="190" pin=10"/></net>

<net id="216"><net_src comp="30" pin="0"/><net_sink comp="190" pin=11"/></net>

<net id="217"><net_src comp="32" pin="0"/><net_sink comp="190" pin=12"/></net>

<net id="218"><net_src comp="34" pin="0"/><net_sink comp="190" pin=13"/></net>

<net id="223"><net_src comp="78" pin="0"/><net_sink comp="219" pin=0"/></net>

<net id="231"><net_src comp="90" pin="0"/><net_sink comp="227" pin=1"/></net>

<net id="235"><net_src comp="232" pin="1"/><net_sink comp="114" pin=2"/></net>

<net id="239"><net_src comp="102" pin="2"/><net_sink comp="236" pin=0"/></net>

<net id="244"><net_src comp="36" pin="0"/><net_sink comp="240" pin=0"/></net>

<net id="249"><net_src comp="42" pin="0"/><net_sink comp="245" pin=0"/></net>

<net id="257"><net_src comp="250" pin="1"/><net_sink comp="253" pin=0"/></net>

<net id="258"><net_src comp="52" pin="0"/><net_sink comp="253" pin=1"/></net>

<net id="263"><net_src comp="250" pin="1"/><net_sink comp="259" pin=0"/></net>

<net id="264"><net_src comp="58" pin="0"/><net_sink comp="259" pin=1"/></net>

<net id="268"><net_src comp="250" pin="1"/><net_sink comp="265" pin=0"/></net>

<net id="269"><net_src comp="265" pin="1"/><net_sink comp="121" pin=2"/></net>

<net id="274"><net_src comp="68" pin="0"/><net_sink comp="270" pin=1"/></net>

<net id="279"><net_src comp="128" pin="3"/><net_sink comp="275" pin=0"/></net>

<net id="280"><net_src comp="270" pin="2"/><net_sink comp="275" pin=1"/></net>

<net id="288"><net_src comp="281" pin="1"/><net_sink comp="284" pin=0"/></net>

<net id="289"><net_src comp="70" pin="0"/><net_sink comp="284" pin=1"/></net>

<net id="294"><net_src comp="68" pin="0"/><net_sink comp="290" pin=0"/></net>

<net id="298"><net_src comp="290" pin="2"/><net_sink comp="295" pin=0"/></net>

<net id="303"><net_src comp="284" pin="2"/><net_sink comp="299" pin=0"/></net>

<net id="304"><net_src comp="72" pin="0"/><net_sink comp="299" pin=1"/></net>

<net id="310"><net_src comp="299" pin="2"/><net_sink comp="305" pin=0"/></net>

<net id="311"><net_src comp="284" pin="2"/><net_sink comp="305" pin=1"/></net>

<net id="312"><net_src comp="295" pin="1"/><net_sink comp="305" pin=2"/></net>

<net id="316"><net_src comp="305" pin="3"/><net_sink comp="313" pin=0"/></net>

<net id="321"><net_src comp="305" pin="3"/><net_sink comp="317" pin=0"/></net>

<net id="322"><net_src comp="74" pin="0"/><net_sink comp="317" pin=1"/></net>

<net id="327"><net_src comp="52" pin="0"/><net_sink comp="323" pin=0"/></net>

<net id="328"><net_src comp="313" pin="1"/><net_sink comp="323" pin=1"/></net>

<net id="334"><net_src comp="317" pin="2"/><net_sink comp="329" pin=0"/></net>

<net id="335"><net_src comp="323" pin="2"/><net_sink comp="329" pin=1"/></net>

<net id="336"><net_src comp="313" pin="1"/><net_sink comp="329" pin=2"/></net>

<net id="341"><net_src comp="141" pin="3"/><net_sink comp="337" pin=1"/></net>

<net id="345"><net_src comp="342" pin="1"/><net_sink comp="161" pin=1"/></net>

<net id="356"><net_src comp="349" pin="1"/><net_sink comp="352" pin=0"/></net>

<net id="357"><net_src comp="346" pin="1"/><net_sink comp="352" pin=1"/></net>

<net id="361"><net_src comp="358" pin="1"/><net_sink comp="224" pin=0"/></net>

<net id="371"><net_src comp="80" pin="0"/><net_sink comp="365" pin=0"/></net>

<net id="372"><net_src comp="362" pin="1"/><net_sink comp="365" pin=1"/></net>

<net id="373"><net_src comp="82" pin="0"/><net_sink comp="365" pin=2"/></net>

<net id="374"><net_src comp="84" pin="0"/><net_sink comp="365" pin=3"/></net>

<net id="378"><net_src comp="362" pin="1"/><net_sink comp="375" pin=0"/></net>

<net id="383"><net_src comp="365" pin="4"/><net_sink comp="379" pin=0"/></net>

<net id="384"><net_src comp="86" pin="0"/><net_sink comp="379" pin=1"/></net>

<net id="389"><net_src comp="375" pin="1"/><net_sink comp="385" pin=0"/></net>

<net id="390"><net_src comp="88" pin="0"/><net_sink comp="385" pin=1"/></net>

<net id="399"><net_src comp="391" pin="2"/><net_sink comp="395" pin=0"/></net>

<net id="400"><net_src comp="227" pin="2"/><net_sink comp="395" pin=1"/></net>

<net id="404"><net_src comp="232" pin="1"/><net_sink comp="401" pin=0"/></net>

<net id="409"><net_src comp="401" pin="1"/><net_sink comp="405" pin=1"/></net>

<net id="413"><net_src comp="405" pin="2"/><net_sink comp="410" pin=0"/></net>

<net id="414"><net_src comp="410" pin="1"/><net_sink comp="147" pin=2"/></net>

<net id="419"><net_src comp="232" pin="1"/><net_sink comp="415" pin=0"/></net>

<net id="420"><net_src comp="36" pin="0"/><net_sink comp="415" pin=1"/></net>

<net id="425"><net_src comp="415" pin="2"/><net_sink comp="421" pin=0"/></net>

<net id="433"><net_src comp="94" pin="1"/><net_sink comp="430" pin=0"/></net>

<net id="434"><net_src comp="430" pin="1"/><net_sink comp="245" pin=1"/></net>

<net id="435"><net_src comp="430" pin="1"/><net_sink comp="250" pin=0"/></net>

<net id="436"><net_src comp="430" pin="1"/><net_sink comp="426" pin=1"/></net>

<net id="440"><net_src comp="98" pin="1"/><net_sink comp="437" pin=0"/></net>

<net id="441"><net_src comp="437" pin="1"/><net_sink comp="240" pin=1"/></net>

<net id="442"><net_src comp="437" pin="1"/><net_sink comp="232" pin=0"/></net>

<net id="443"><net_src comp="437" pin="1"/><net_sink comp="421" pin=1"/></net>

<net id="447"><net_src comp="108" pin="2"/><net_sink comp="444" pin=0"/></net>

<net id="448"><net_src comp="444" pin="1"/><net_sink comp="337" pin=0"/></net>

<net id="452"><net_src comp="236" pin="1"/><net_sink comp="449" pin=0"/></net>

<net id="453"><net_src comp="449" pin="1"/><net_sink comp="405" pin=0"/></net>

<net id="463"><net_src comp="259" pin="2"/><net_sink comp="460" pin=0"/></net>

<net id="464"><net_src comp="460" pin="1"/><net_sink comp="426" pin=0"/></net>

<net id="468"><net_src comp="265" pin="1"/><net_sink comp="465" pin=0"/></net>

<net id="469"><net_src comp="465" pin="1"/><net_sink comp="134" pin=2"/></net>

<net id="473"><net_src comp="121" pin="3"/><net_sink comp="470" pin=0"/></net>

<net id="474"><net_src comp="470" pin="1"/><net_sink comp="128" pin=0"/></net>

<net id="478"><net_src comp="275" pin="2"/><net_sink comp="475" pin=0"/></net>

<net id="482"><net_src comp="134" pin="3"/><net_sink comp="479" pin=0"/></net>

<net id="483"><net_src comp="479" pin="1"/><net_sink comp="141" pin=0"/></net>

<net id="487"><net_src comp="329" pin="3"/><net_sink comp="484" pin=0"/></net>

<net id="488"><net_src comp="484" pin="1"/><net_sink comp="342" pin=0"/></net>

<net id="492"><net_src comp="337" pin="2"/><net_sink comp="489" pin=0"/></net>

<net id="493"><net_src comp="489" pin="1"/><net_sink comp="190" pin=1"/></net>

<net id="497"><net_src comp="342" pin="1"/><net_sink comp="494" pin=0"/></net>

<net id="498"><net_src comp="494" pin="1"/><net_sink comp="161" pin=1"/></net>

<net id="502"><net_src comp="161" pin="14"/><net_sink comp="499" pin=0"/></net>

<net id="503"><net_src comp="499" pin="1"/><net_sink comp="346" pin=0"/></net>

<net id="507"><net_src comp="190" pin="14"/><net_sink comp="504" pin=0"/></net>

<net id="508"><net_src comp="504" pin="1"/><net_sink comp="349" pin=0"/></net>

<net id="512"><net_src comp="352" pin="2"/><net_sink comp="509" pin=0"/></net>

<net id="513"><net_src comp="509" pin="1"/><net_sink comp="219" pin=1"/></net>

<net id="517"><net_src comp="219" pin="2"/><net_sink comp="514" pin=0"/></net>

<net id="518"><net_src comp="514" pin="1"/><net_sink comp="358" pin=0"/></net>

<net id="522"><net_src comp="358" pin="1"/><net_sink comp="519" pin=0"/></net>

<net id="523"><net_src comp="519" pin="1"/><net_sink comp="224" pin=0"/></net>

<net id="527"><net_src comp="224" pin="1"/><net_sink comp="524" pin=0"/></net>

<net id="528"><net_src comp="524" pin="1"/><net_sink comp="362" pin=0"/></net>

<net id="529"><net_src comp="524" pin="1"/><net_sink comp="227" pin=0"/></net>

<net id="533"><net_src comp="379" pin="2"/><net_sink comp="530" pin=0"/></net>

<net id="534"><net_src comp="530" pin="1"/><net_sink comp="391" pin=1"/></net>

<net id="538"><net_src comp="385" pin="2"/><net_sink comp="535" pin=0"/></net>

<net id="539"><net_src comp="535" pin="1"/><net_sink comp="391" pin=0"/></net>

<net id="543"><net_src comp="395" pin="2"/><net_sink comp="540" pin=0"/></net>

</net_list>

</model> 
---------------- Datapath Model END ------------------

* FSMD analyzer results:
  - Output states:
	Port: grouped | {25 }
	Port: clusters_members | {25 }
	Port: p_out | {2 }
 - Input state : 
	Port: clusterOp_Pipeline_clusterOp_label1105 : grouped | {2 3 }
	Port: clusterOp_Pipeline_clusterOp_label1105 : distances | {3 4 }
	Port: clusterOp_Pipeline_clusterOp_label1105 : distances_load_206 | {1 }
	Port: clusterOp_Pipeline_clusterOp_label1105 : mul_ln37_101 | {1 }
	Port: clusterOp_Pipeline_clusterOp_label1105 : log_apfixed_reduce_log_inverse_lut_table_array_V | {5 6 }
	Port: clusterOp_Pipeline_clusterOp_label1105 : log_apfixed_reduce_log0_lut_table_ap_fixed_0_5_64_array_V | {5 6 }
	Port: clusterOp_Pipeline_clusterOp_label1105 : log_apfixed_reduce_log_lut_table_ap_fixed_4_4_16_array_V | {5 6 }
	Port: clusterOp_Pipeline_clusterOp_label1105 : log_apfixed_reduce_log_lut_table_ap_fixed_7_6_64_array_V | {5 6 }
	Port: clusterOp_Pipeline_clusterOp_label1105 : log_apfixed_reduce_log_lut_table_ap_fixed_12_6_64_array_V | {5 6 }
	Port: clusterOp_Pipeline_clusterOp_label1105 : log_apfixed_reduce_log_lut_table_ap_fixed_17_6_64_array_V | {5 6 }
	Port: clusterOp_Pipeline_clusterOp_label1105 : log_apfixed_reduce_log_lut_table_ap_fixed_22_6_64_array_V | {5 6 }
	Port: clusterOp_Pipeline_clusterOp_label1105 : f_x_msb_4_table_V | {5 6 }
	Port: clusterOp_Pipeline_clusterOp_label1105 : f_x_msb_5_table_V | {5 6 }
	Port: clusterOp_Pipeline_clusterOp_label1105 : f_x_msb_3_table_V | {5 6 }
	Port: clusterOp_Pipeline_clusterOp_label1105 : f_x_msb_2_table_V | {5 6 }
	Port: clusterOp_Pipeline_clusterOp_label1105 : exp_x_msb_1_table_V | {5 6 }
  - Chain level:
	State 1
		store_ln0 : 1
		store_ln0 : 1
	State 2
		icmp_ln42 : 1
		add_ln42 : 1
		br_ln42 : 2
		trunc_ln44_102_cast299 : 1
		grouped_addr : 2
		grouped_load : 3
		write_ln0 : 1
	State 3
		or_ln43 : 1
		br_ln43 : 1
		distances_load : 1
	State 4
		add_ln44 : 1
		neg2202_cast : 1
		abscond2203 : 2
		delta_angle_206 : 3
		trunc_ln44 : 4
		icmp_ln45 : 4
		sub_ln46 : 5
		delta_angle : 6
		sub_ln50 : 1
	State 5
		tmp_251 : 1
	State 6
	State 7
		xf_V : 1
	State 8
	State 9
	State 10
	State 11
	State 12
	State 13
	State 14
	State 15
	State 16
	State 17
		euclidean_distance : 1
	State 18
	State 19
	State 20
	State 21
	State 22
	State 23
		tmp_s : 1
		trunc_ln53 : 1
		icmp_ln53_206 : 2
		icmp_ln53_207 : 2
	State 24
		and_ln53 : 1
		br_ln53 : 1
	State 25
		trunc_ln54 : 1
		add_ln54 : 2
		zext_ln54 : 3
		clusters_members_addr : 4
		store_ln54 : 5
		add_ln55 : 1
		store_ln57 : 2


============================================================
+ Verbose Summary: Datapath Resource usage 
============================================================

* Functional unit list:
|----------|-------------------------------------|---------|---------|---------|---------|
| Operation|           Functional Unit           |   DSP   |  Delay  |    FF   |   LUT   |
|----------|-------------------------------------|---------|---------|---------|---------|
|          |            grp_pow_fu_161           |    45   |  60.344 |  10726  |   5947  |
|   call   |            grp_pow_fu_190           |    45   |  60.344 |  10726  |   5947  |
|          |    grp_sqrt_fixed_32_32_s_fu_219    |    0    |    0    |   499   |   1320  |
|----------|-------------------------------------|---------|---------|---------|---------|
|          |           add_ln42_fu_259           |    0    |    0    |    0    |    14   |
|          |           add_ln44_fu_284           |    0    |    0    |    0    |    14   |
|    add   |             xf_V_fu_352             |    0    |    0    |    0    |    38   |
|          |           add_ln54_fu_405           |    0    |    0    |    0    |    24   |
|          |           add_ln55_fu_415           |    0    |    0    |    0    |    39   |
|----------|-------------------------------------|---------|---------|---------|---------|
|          |           icmp_ln42_fu_253          |    0    |    0    |    0    |    11   |
|          |           icmp_ln43_fu_270          |    0    |    0    |    0    |    11   |
|   icmp   |          abscond2203_fu_299         |    0    |    0    |    0    |    11   |
|          |           icmp_ln45_fu_317          |    0    |    0    |    0    |    11   |
|          |         icmp_ln53_206_fu_379        |    0    |    0    |    0    |    11   |
|          |         icmp_ln53_207_fu_385        |    0    |    0    |    0    |    15   |
|----------|-------------------------------------|---------|---------|---------|---------|
|          |            neg2202_fu_290           |    0    |    0    |    0    |    14   |
|    sub   |           sub_ln46_fu_323           |    0    |    0    |    0    |    14   |
|          |           sub_ln50_fu_337           |    0    |    0    |    0    |    39   |
|----------|-------------------------------------|---------|---------|---------|---------|
|  select  |        delta_angle_206_fu_305       |    0    |    0    |    0    |    10   |
|          |          delta_angle_fu_329         |    0    |    0    |    0    |    9    |
|----------|-------------------------------------|---------|---------|---------|---------|
|    or    |            or_ln43_fu_275           |    0    |    0    |    0    |    2    |
|          |            or_ln53_fu_391           |    0    |    0    |    0    |    2    |
|----------|-------------------------------------|---------|---------|---------|---------|
|    and   |           and_ln53_fu_395           |    0    |    0    |    0    |    2    |
|----------|-------------------------------------|---------|---------|---------|---------|
|   read   |    mul_ln37_101_read_read_fu_102    |    0    |    0    |    0    |    0    |
|          | distances_load_206_read_read_fu_108 |    0    |    0    |    0    |    0    |
|----------|-------------------------------------|---------|---------|---------|---------|
|   write  |        write_ln0_write_fu_114       |    0    |    0    |    0    |    0    |
|----------|-------------------------------------|---------|---------|---------|---------|
|  sitofp  |              grp_fu_224             |    0    |    0    |    0    |    0    |
|----------|-------------------------------------|---------|---------|---------|---------|
|   fcmp   |              grp_fu_227             |    0    |    0    |    0    |    0    |
|----------|-------------------------------------|---------|---------|---------|---------|
|          |       mul_ln37_101_cast_fu_236      |    0    |    0    |    0    |    0    |
|          |    trunc_ln44_102_cast299_fu_265    |    0    |    0    |    0    |    0    |
|          |           zext_ln44_fu_281          |    0    |    0    |    0    |    0    |
|   zext   |         zext_ln50_206_fu_346        |    0    |    0    |    0    |    0    |
|          |         zext_ln50_207_fu_349        |    0    |    0    |    0    |    0    |
|          |          zext_ln987_fu_358          |    0    |    0    |    0    |    0    |
|          |           zext_ln54_fu_410          |    0    |    0    |    0    |    0    |
|----------|-------------------------------------|---------|---------|---------|---------|
|   sext   |         neg2202_cast_fu_295         |    0    |    0    |    0    |    0    |
|          |           sext_ln44_fu_342          |    0    |    0    |    0    |    0    |
|----------|-------------------------------------|---------|---------|---------|---------|
|          |          trunc_ln44_fu_313          |    0    |    0    |    0    |    0    |
|   trunc  |          trunc_ln53_fu_375          |    0    |    0    |    0    |    0    |
|          |          trunc_ln54_fu_401          |    0    |    0    |    0    |    0    |
|----------|-------------------------------------|---------|---------|---------|---------|
|partselect|             tmp_s_fu_365            |    0    |    0    |    0    |    0    |
|----------|-------------------------------------|---------|---------|---------|---------|
|   Total  |                                     |    90   | 120.688 |  21951  |  13505  |
|----------|-------------------------------------|---------|---------|---------|---------|

Memories:
N/A

* Register list:
+-------------------------------+--------+
|                               |   FF   |
+-------------------------------+--------+
|        add_ln42_reg_460       |    9   |
|        and_ln53_reg_540       |    1   |
|       candidate_reg_430       |    9   |
|      delta_angle_reg_484      |    9   |
|     distances_addr_reg_479    |    9   |
|distances_load_206_read_reg_444|   32   |
|         empty_reg_437         |   32   |
|   euclidean_distance_reg_524  |   32   |
|      grouped_addr_reg_470     |    9   |
|     icmp_ln53_206_reg_530     |    1   |
|     icmp_ln53_207_reg_535     |    1   |
|   mul_ln37_101_cast_reg_449   |   17   |
|        or_ln43_reg_475        |    1   |
|        p_Val2_s_reg_514       |   16   |
|       sext_ln44_reg_494       |   32   |
|        sub_ln50_reg_489       |   32   |
|        tmp_251_reg_499        |   31   |
|        tmp_252_reg_504        |   31   |
| trunc_ln44_102_cast299_reg_465|   64   |
|          xf_V_reg_509         |   32   |
|       zext_ln987_reg_519      |   32   |
+-------------------------------+--------+
|             Total             |   432  |
+-------------------------------+--------+

* Multiplexer (MUX) list: 
|-------------------|------|------|------|--------||---------||---------|
|        Comp       |  Pin | Size |  BW  | S x BW ||  Delay  ||   LUT   |
|-------------------|------|------|------|--------||---------||---------|
| grp_access_fu_128 |  p0  |   2  |   9  |   18   ||    9    |
| grp_access_fu_141 |  p0  |   2  |   9  |   18   ||    9    |
|   grp_pow_fu_161  |  p1  |   2  |   9  |   18   ||    9    |
|     grp_fu_224    |  p0  |   2  |  16  |   32   ||    9    |
|-------------------|------|------|------|--------||---------||---------|
|       Total       |      |      |      |   86   ||  6.352  ||    36   |
|-------------------|------|------|------|--------||---------||---------|



* Summary:
+-----------+--------+--------+--------+--------+
|           |   DSP  |  Delay |   FF   |   LUT  |
+-----------+--------+--------+--------+--------+
|  Function |   90   |   120  |  21951 |  13505 |
|   Memory  |    -   |    -   |    -   |    -   |
|Multiplexer|    -   |    6   |    -   |   36   |
|  Register |    -   |    -   |   432  |    -   |
+-----------+--------+--------+--------+--------+
|   Total   |   90   |   127  |  22383 |  13541 |
+-----------+--------+--------+--------+--------+
