

================================================================
== Vitis HLS Report for 'sqrt_fixed_32_32_s'
================================================================
* Date:           Wed Mar 29 22:11:30 2023

* Version:        2022.2 (Build 3670227 on Oct 13 2022)
* Project:        cluster
* Solution:       solution1 (Vivado IP Flow Target)
* Product family: zynq
* Target device:  xc7z020-clg400-1


================================================================
== Performance Estimates
================================================================
+ Timing: 
    * Summary: 
    +--------+----------+----------+------------+
    |  Clock |  Target  | Estimated| Uncertainty|
    +--------+----------+----------+------------+
    |ap_clk  |  10.00 ns|  7.155 ns|     2.70 ns|
    +--------+----------+----------+------------+

+ Latency: 
    * Summary: 
    +---------+---------+-----------+-----------+-----+-----+---------+
    |  Latency (cycles) |   Latency (absolute)  |  Interval | Pipeline|
    |   min   |   max   |    min    |    max    | min | max |   Type  |
    +---------+---------+-----------+-----------+-----+-----+---------+
    |        7|        7|  70.000 ns|  70.000 ns|    1|    1|      yes|
    +---------+---------+-----------+-----------+-----+-----+---------+

    + Detail: 
        * Instance: 
        N/A

        * Loop: 
        N/A



================================================================
== Utilization Estimates
================================================================
* Summary: 
+-----------------+---------+-----+--------+-------+-----+
|       Name      | BRAM_18K| DSP |   FF   |  LUT  | URAM|
+-----------------+---------+-----+--------+-------+-----+
|DSP              |        -|    -|       -|      -|    -|
|Expression       |        -|    -|       0|   1322|    -|
|FIFO             |        -|    -|       -|      -|    -|
|Instance         |        -|    -|       -|      -|    -|
|Memory           |        -|    -|       -|      -|    -|
|Multiplexer      |        -|    -|       -|      -|    -|
|Register         |        -|    -|     595|     32|    -|
+-----------------+---------+-----+--------+-------+-----+
|Total            |        0|    0|     595|   1354|    0|
+-----------------+---------+-----+--------+-------+-----+
|Available        |      280|  220|  106400|  53200|    0|
+-----------------+---------+-----+--------+-------+-----+
|Utilization (%)  |        0|    0|      ~0|      2|    0|
+-----------------+---------+-----+--------+-------+-----+

+ Detail: 
    * Instance: 
    N/A

    * DSP: 
    N/A

    * Memory: 
    N/A

    * FIFO: 
    N/A

    * Expression: 
    +--------------------------+----------+----+---+----+------------+------------+
    |       Variable Name      | Operation| DSP| FF| LUT| Bitwidth P0| Bitwidth P1|
    +--------------------------+----------+----+---+----+------------+------------+
    |add_ln277_fu_246_p2       |         +|   0|  0|  11|           3|           2|
    |res_I_V_30_fu_1470_p2     |         +|   0|  0|  23|          16|           1|
    |sub_ln277_10_fu_1108_p2   |         -|   0|  0|  17|          14|          14|
    |sub_ln277_11_fu_1185_p2   |         -|   0|  0|  20|          15|          15|
    |sub_ln277_12_fu_1265_p2   |         -|   0|  0|  23|          16|          16|
    |sub_ln277_13_fu_1342_p2   |         -|   0|  0|  24|          17|          17|
    |sub_ln277_14_fu_1413_p2   |         -|   0|  0|  25|          18|          18|
    |sub_ln277_1_fu_400_p2     |         -|   0|  0|  13|           5|           5|
    |sub_ln277_2_fu_475_p2     |         -|   0|  0|  14|           6|           6|
    |sub_ln277_3_fu_557_p2     |         -|   0|  0|  14|           7|           7|
    |sub_ln277_4_fu_632_p2     |         -|   0|  0|  15|           8|           8|
    |sub_ln277_5_fu_714_p2     |         -|   0|  0|  14|           9|           9|
    |sub_ln277_6_fu_789_p2     |         -|   0|  0|  13|          10|          10|
    |sub_ln277_7_fu_871_p2     |         -|   0|  0|  12|          11|          11|
    |sub_ln277_8_fu_946_p2     |         -|   0|  0|  12|          12|          12|
    |sub_ln277_9_fu_1028_p2    |         -|   0|  0|  14|          13|          13|
    |sub_ln277_fu_318_p2       |         -|   0|  0|  13|           4|           4|
    |icmp_ln443_10_fu_1022_p2  |      icmp|   0|  0|  12|          13|          13|
    |icmp_ln443_11_fu_1103_p2  |      icmp|   0|  0|  12|          14|          14|
    |icmp_ln443_12_fu_1179_p2  |      icmp|   0|  0|  12|          15|          15|
    |icmp_ln443_13_fu_1260_p2  |      icmp|   0|  0|  13|          16|          16|
    |icmp_ln443_14_fu_1336_p2  |      icmp|   0|  0|  13|          17|          17|
    |icmp_ln443_15_fu_1408_p2  |      icmp|   0|  0|  13|          18|          18|
    |icmp_ln443_1_fu_312_p2    |      icmp|   0|  0|   9|           4|           4|
    |icmp_ln443_2_fu_394_p2    |      icmp|   0|  0|   9|           5|           5|
    |icmp_ln443_3_fu_469_p2    |      icmp|   0|  0|  10|           6|           6|
    |icmp_ln443_4_fu_551_p2    |      icmp|   0|  0|  10|           7|           7|
    |icmp_ln443_5_fu_626_p2    |      icmp|   0|  0|  11|           8|           8|
    |icmp_ln443_6_fu_708_p2    |      icmp|   0|  0|  11|           9|           9|
    |icmp_ln443_7_fu_783_p2    |      icmp|   0|  0|  11|          10|          10|
    |icmp_ln443_8_fu_865_p2    |      icmp|   0|  0|  11|          11|          11|
    |icmp_ln443_9_fu_940_p2    |      icmp|   0|  0|  12|          12|          12|
    |icmp_ln443_fu_240_p2      |      icmp|   0|  0|   8|           2|           1|
    |p_Result_49_fu_1464_p2    |      icmp|   0|  0|  19|          35|          35|
    |ap_return                 |    select|   0|  0|  16|           1|           1|
    |res_I_V_32_fu_272_p3      |    select|   0|  0|  17|           1|           1|
    |res_I_V_33_fu_354_p3      |    select|   0|  0|  16|           1|          16|
    |res_I_V_34_fu_431_p3      |    select|   0|  0|  16|           1|          16|
    |res_I_V_35_fu_511_p3      |    select|   0|  0|  16|           1|          16|
    |res_I_V_36_fu_588_p3      |    select|   0|  0|  16|           1|          16|
    |res_I_V_37_fu_668_p3      |    select|   0|  0|  16|           1|          16|
    |res_I_V_38_fu_745_p3      |    select|   0|  0|  16|           1|          16|
    |res_I_V_39_fu_902_p3      |    select|   0|  0|  16|           1|          16|
    |res_I_V_40_fu_982_p3      |    select|   0|  0|  16|           1|          16|
    |res_I_V_41_fu_1064_p3     |    select|   0|  0|  16|           1|          16|
    |res_I_V_42_fu_1140_p3     |    select|   0|  0|  16|           1|          16|
    |res_I_V_43_fu_1221_p3     |    select|   0|  0|  16|           1|          16|
    |res_I_V_44_fu_1297_p3     |    select|   0|  0|  16|           1|          16|
    |res_I_V_45_fu_1378_p3     |    select|   0|  0|  16|           1|          16|
    |res_I_V_46_fu_1445_p3     |    select|   0|  0|  16|           1|          16|
    |res_I_V_47_fu_1476_p3     |    select|   0|  0|  16|           1|          16|
    |res_I_V_fu_825_p3         |    select|   0|  0|  16|           1|          16|
    |x_l_I_V_31_fu_264_p3      |    select|   0|  0|  35|           1|          35|
    |x_l_I_V_32_fu_346_p3      |    select|   0|  0|  35|           1|          35|
    |x_l_I_V_33_fu_503_p3      |    select|   0|  0|  35|           1|          35|
    |x_l_I_V_34_fu_582_p3      |    select|   0|  0|  35|           1|          35|
    |x_l_I_V_35_fu_660_p3      |    select|   0|  0|  35|           1|          35|
    |x_l_I_V_36_fu_739_p3      |    select|   0|  0|  35|           1|          35|
    |x_l_I_V_37_fu_817_p3      |    select|   0|  0|  35|           1|          35|
    |x_l_I_V_38_fu_896_p3      |    select|   0|  0|  35|           1|          35|
    |x_l_I_V_39_fu_974_p3      |    select|   0|  0|  35|           1|          35|
    |x_l_I_V_40_fu_1056_p3     |    select|   0|  0|  35|           1|          35|
    |x_l_I_V_41_fu_1133_p3     |    select|   0|  0|  35|           1|          35|
    |x_l_I_V_42_fu_1213_p3     |    select|   0|  0|  35|           1|          35|
    |x_l_I_V_43_fu_1290_p3     |    select|   0|  0|  35|           1|          35|
    |x_l_I_V_44_fu_1370_p3     |    select|   0|  0|  35|           1|          35|
    |x_l_I_V_45_fu_1438_p3     |    select|   0|  0|  35|           1|          35|
    |x_l_I_V_fu_425_p3         |    select|   0|  0|  35|           1|          35|
    +--------------------------+----------+----+---+----+------------+------------+
    |Total                     |          |   0|  0|1322|         420|        1187|
    +--------------------------+----------+----+---+----+------------+------------+

    * Multiplexer: 
    N/A

    * Register: 
    +-----------------------+----+----+-----+-----------+
    |          Name         | FF | LUT| Bits| Const Bits|
    +-----------------------+----+----+-----+-----------+
    |icmp_ln443_2_reg_1509  |   1|   0|    1|          0|
    |icmp_ln443_4_reg_1532  |   1|   0|    1|          0|
    |icmp_ln443_6_reg_1555  |   1|   0|    1|          0|
    |icmp_ln443_8_reg_1578  |   1|   0|    1|          0|
    |p_Result_82_reg_1606   |  14|   0|   14|          0|
    |p_Result_88_reg_1629   |  16|   0|   16|          0|
    |p_Result_94_reg_1648   |  18|   0|   18|          0|
    |res_I_V_33_reg_1503    |  16|   0|   16|          0|
    |res_I_V_35_reg_1526    |  16|   0|   16|          0|
    |res_I_V_37_reg_1549    |  16|   0|   16|          0|
    |res_I_V_41_reg_1595    |  16|   0|   16|          0|
    |res_I_V_43_reg_1618    |  16|   0|   16|          0|
    |res_I_V_45_reg_1641    |  16|   0|   16|          0|
    |res_I_V_reg_1572       |  16|   0|   16|          0|
    |sub_ln277_1_reg_1515   |   5|   0|    5|          0|
    |sub_ln277_3_reg_1538   |   7|   0|    7|          0|
    |sub_ln277_5_reg_1561   |   9|   0|    9|          0|
    |sub_ln277_7_reg_1584   |  11|   0|   11|          0|
    |tmp_20_reg_1601        |  12|   0|   12|          0|
    |tmp_24_reg_1624        |  14|   0|   14|          0|
    |x_int_reg              |  32|   0|   32|          0|
    |x_l_I_V_32_reg_1497    |  35|   0|   35|          0|
    |x_l_I_V_33_reg_1520    |  35|   0|   35|          0|
    |x_l_I_V_35_reg_1543    |  35|   0|   35|          0|
    |x_l_I_V_37_reg_1566    |  35|   0|   35|          0|
    |x_l_I_V_40_reg_1589    |  35|   0|   35|          0|
    |x_l_I_V_42_reg_1612    |  35|   0|   35|          0|
    |x_l_I_V_44_reg_1635    |  35|   0|   35|          0|
    |x_read_reg_1492        |  32|   0|   32|          0|
    |x_read_reg_1492        |  64|  32|   32|          0|
    +-----------------------+----+----+-----+-----------+
    |Total                  | 595|  32|  563|          0|
    +-----------------------+----+----+-----+-----------+



================================================================
== Interface
================================================================
* Summary: 
+-----------+-----+-----+------------+--------------------+--------------+
| RTL Ports | Dir | Bits|  Protocol  |    Source Object   |    C Type    |
+-----------+-----+-----+------------+--------------------+--------------+
|ap_clk     |   in|    1|  ap_ctrl_hs|  sqrt_fixed<32, 32>|  return value|
|ap_rst     |   in|    1|  ap_ctrl_hs|  sqrt_fixed<32, 32>|  return value|
|ap_return  |  out|   16|  ap_ctrl_hs|  sqrt_fixed<32, 32>|  return value|
|x          |   in|   32|     ap_none|                   x|        scalar|
+-----------+-----+-----+------------+--------------------+--------------+

